Archive member included to satisfy reference by file (symbol)

/home/prapor/AVR/avr-gcc-11.1.0-x64-linux/bin/../lib/gcc/avr/11.1.0/avr5/libgcc.a(_udivmodhi4.o)
                              obj/Release/GSM.o (__udivmodhi4)
/home/prapor/AVR/avr-gcc-11.1.0-x64-linux/bin/../lib/gcc/avr/11.1.0/avr5/libgcc.a(_udivmodsi4.o)
                              obj/Release/app.o (__udivmodsi4)
/home/prapor/AVR/avr-gcc-11.1.0-x64-linux/bin/../lib/gcc/avr/11.1.0/avr5/libgcc.a(_exit.o)
                              /home/prapor/AVR/avr-gcc-11.1.0-x64-linux/bin/../lib/gcc/avr/11.1.0/../../../../avr/lib/avr5/crtatmega328p.o (exit)
/home/prapor/AVR/avr-gcc-11.1.0-x64-linux/bin/../lib/gcc/avr/11.1.0/avr5/libgcc.a(_tablejump2.o)
                              obj/Release/ADC.o (__tablejump2__)
/home/prapor/AVR/avr-gcc-11.1.0-x64-linux/bin/../lib/gcc/avr/11.1.0/avr5/libgcc.a(_copy_data.o)
                              obj/Release/ADC.o (__do_copy_data)
/home/prapor/AVR/avr-gcc-11.1.0-x64-linux/bin/../lib/gcc/avr/11.1.0/avr5/libgcc.a(_clear_bss.o)
                              obj/Release/ADC.o (__do_clear_bss)
/home/prapor/AVR/avr-gcc-11.1.0-x64-linux/bin/../lib/gcc/avr/11.1.0/avr5/libgcc.a(_umulhisi3.o)
                              obj/Release/ADC.o (__umulhisi3)
/home/prapor/AVR/avr-gcc-11.1.0-x64-linux/bin/../lib/gcc/avr/11.1.0/../../../../avr/lib/avr5/libm.a(fixsfsi.o)
                              obj/Release/ds18b20.o (__fixsfsi)
/home/prapor/AVR/avr-gcc-11.1.0-x64-linux/bin/../lib/gcc/avr/11.1.0/../../../../avr/lib/avr5/libm.a(fixunssfsi.o)
                              /home/prapor/AVR/avr-gcc-11.1.0-x64-linux/bin/../lib/gcc/avr/11.1.0/../../../../avr/lib/avr5/libm.a(fixsfsi.o) (__fixunssfsi)
/home/prapor/AVR/avr-gcc-11.1.0-x64-linux/bin/../lib/gcc/avr/11.1.0/../../../../avr/lib/avr5/libm.a(floatsisf.o)
                              obj/Release/ds18b20.o (__floatsisf)
/home/prapor/AVR/avr-gcc-11.1.0-x64-linux/bin/../lib/gcc/avr/11.1.0/../../../../avr/lib/avr5/libm.a(fp_split3.o)
                              /home/prapor/AVR/avr-gcc-11.1.0-x64-linux/bin/../lib/gcc/avr/11.1.0/../../../../avr/lib/avr5/libm.a(fixunssfsi.o) (__fp_splitA)
/home/prapor/AVR/avr-gcc-11.1.0-x64-linux/bin/../lib/gcc/avr/11.1.0/../../../../avr/lib/avr5/libm.a(fp_zero.o)
                              /home/prapor/AVR/avr-gcc-11.1.0-x64-linux/bin/../lib/gcc/avr/11.1.0/../../../../avr/lib/avr5/libm.a(fixunssfsi.o) (__fp_zero)
/home/prapor/AVR/avr-gcc-11.1.0-x64-linux/bin/../lib/gcc/avr/11.1.0/../../../../avr/lib/avr5/libm.a(mulsf3.o)
                              obj/Release/ds18b20.o (__mulsf3)
/home/prapor/AVR/avr-gcc-11.1.0-x64-linux/bin/../lib/gcc/avr/11.1.0/../../../../avr/lib/avr5/libm.a(mulsf3x.o)
                              /home/prapor/AVR/avr-gcc-11.1.0-x64-linux/bin/../lib/gcc/avr/11.1.0/../../../../avr/lib/avr5/libm.a(mulsf3.o) (__mulsf3x)
/home/prapor/AVR/avr-gcc-11.1.0-x64-linux/bin/../lib/gcc/avr/11.1.0/../../../../avr/lib/avr5/libm.a(fp_inf.o)
                              /home/prapor/AVR/avr-gcc-11.1.0-x64-linux/bin/../lib/gcc/avr/11.1.0/../../../../avr/lib/avr5/libm.a(mulsf3x.o) (__fp_inf)
/home/prapor/AVR/avr-gcc-11.1.0-x64-linux/bin/../lib/gcc/avr/11.1.0/../../../../avr/lib/avr5/libm.a(fp_nan.o)
                              /home/prapor/AVR/avr-gcc-11.1.0-x64-linux/bin/../lib/gcc/avr/11.1.0/../../../../avr/lib/avr5/libm.a(mulsf3x.o) (__fp_nan)
/home/prapor/AVR/avr-gcc-11.1.0-x64-linux/bin/../lib/gcc/avr/11.1.0/../../../../avr/lib/avr5/libm.a(fp_pscA.o)
                              /home/prapor/AVR/avr-gcc-11.1.0-x64-linux/bin/../lib/gcc/avr/11.1.0/../../../../avr/lib/avr5/libm.a(mulsf3x.o) (__fp_pscA)
/home/prapor/AVR/avr-gcc-11.1.0-x64-linux/bin/../lib/gcc/avr/11.1.0/../../../../avr/lib/avr5/libm.a(fp_pscB.o)
                              /home/prapor/AVR/avr-gcc-11.1.0-x64-linux/bin/../lib/gcc/avr/11.1.0/../../../../avr/lib/avr5/libm.a(mulsf3x.o) (__fp_pscB)
/home/prapor/AVR/avr-gcc-11.1.0-x64-linux/bin/../lib/gcc/avr/11.1.0/../../../../avr/lib/avr5/libm.a(fp_round.o)
                              /home/prapor/AVR/avr-gcc-11.1.0-x64-linux/bin/../lib/gcc/avr/11.1.0/../../../../avr/lib/avr5/libm.a(mulsf3.o) (__fp_round)
/home/prapor/AVR/avr-gcc-11.1.0-x64-linux/bin/../lib/gcc/avr/11.1.0/../../../../avr/lib/avr5/libc.a(malloc.o)
                              obj/Release/app.o (__brkval)
/home/prapor/AVR/avr-gcc-11.1.0-x64-linux/bin/../lib/gcc/avr/11.1.0/../../../../avr/lib/avr5/libc.a(strtoul.o)
                              obj/Release/GSM.o (strtoul)
/home/prapor/AVR/avr-gcc-11.1.0-x64-linux/bin/../lib/gcc/avr/11.1.0/../../../../avr/lib/avr5/libc.a(atoi.o)
                              obj/Release/GSM.o (atoi)
/home/prapor/AVR/avr-gcc-11.1.0-x64-linux/bin/../lib/gcc/avr/11.1.0/../../../../avr/lib/avr5/libc.a(isspace.o)
                              /home/prapor/AVR/avr-gcc-11.1.0-x64-linux/bin/../lib/gcc/avr/11.1.0/../../../../avr/lib/avr5/libc.a(strtoul.o) (isspace)
[...]
Memory Configuration

Name             Origin             Length             Attributes
text             0x0000000000000000 0x0000000000020000 xr
data             0x0000000000800060 0x000000000000ffa0 rw !x
eeprom           0x0000000000810000 0x0000000000010000 rw !x
fuse             0x0000000000820000 0x0000000000000003 rw !x
lock             0x0000000000830000 0x0000000000000400 rw !x
signature        0x0000000000840000 0x0000000000000400 rw !x
user_signatures  0x0000000000850000 0x0000000000000400 rw !x
*default*        0x0000000000000000 0xffffffffffffffff

Linker script and memory map

Address of section .data set to 0x800100
LOAD /home/prapor/AVR/avr-gcc-11.1.0-x64-linux/bin/../lib/gcc/avr/11.1.0/../../../../avr/lib/avr5/crtatmega328p.o
LOAD obj/Release/ADC.o
LOAD obj/Release/app.o
LOAD obj/Release/ds18b20.o
LOAD obj/Release/eeprom.o
LOAD obj/Release/GSM.o
LOAD obj/Release/main.o
LOAD obj/Release/port.o
LOAD obj/Release/sms_parse.o
LOAD obj/Release/softuart.o
LOAD obj/Release/su_openwrt.o
LOAD obj/Release/timer.o
LOAD obj/Release/UART.o
START GROUP
LOAD /home/prapor/AVR/avr-gcc-11.1.0-x64-linux/bin/../lib/gcc/avr/11.1.0/avr5/libgcc.a
LOAD /home/prapor/AVR/avr-gcc-11.1.0-x64-linux/bin/../lib/gcc/avr/11.1.0/../../../../avr/lib/avr5/libm.a
LOAD /home/prapor/AVR/avr-gcc-11.1.0-x64-linux/bin/../lib/gcc/avr/11.1.0/../../../../avr/lib/avr5/libc.a
LOAD /home/prapor/AVR/avr-gcc-11.1.0-x64-linux/bin/../lib/gcc/avr/11.1.0/../../../../avr/lib/avr5/libatmega328p.a
END GROUP
                0x0000000000020000                __TEXT_REGION_LENGTH__ = DEFINED (__TEXT_REGION_LENGTH__)?__TEXT_REGION_LENGTH__:0x20000
                0x000000000000ffa0                __DATA_REGION_LENGTH__ = DEFINED (__DATA_REGION_LENGTH__)?__DATA_REGION_LENGTH__:0xffa0
                0x0000000000010000                __EEPROM_REGION_LENGTH__ = DEFINED (__EEPROM_REGION_LENGTH__)?__EEPROM_REGION_LENGTH__:0x10000
                [0x0000000000000003]                __FUSE_REGION_LENGTH__ = DEFINED (__FUSE_REGION_LENGTH__)?__FUSE_REGION_LENGTH__:0x400
                0x0000000000000400                __LOCK_REGION_LENGTH__ = DEFINED (__LOCK_REGION_LENGTH__)?__LOCK_REGION_LENGTH__:0x400
                0x0000000000000400                __SIGNATURE_REGION_LENGTH__ = DEFINED (__SIGNATURE_REGION_LENGTH__)?__SIGNATURE_REGION_LENGTH__:0x400
                0x0000000000000400                __USER_SIGNATURE_REGION_LENGTH__ = DEFINED (__USER_SIGNATURE_REGION_LENGTH__)?__USER_SIGNATURE_REGION_LENGTH__:0x400

.hash
 *(.hash)

.dynsym
 *(.dynsym)

.dynstr
 *(.dynstr)

.gnu.version
 *(.gnu.version)

.gnu.version_d
 *(.gnu.version_d)

.gnu.version_r
 *(.gnu.version_r)

.rel.init
 *(.rel.init)

.rela.init
 *(.rela.init)

.rel.text
 *(.rel.text)
 *(.rel.text.*)
 *(.rel.gnu.linkonce.t*)

.rela.text
 *(.rela.text)
 *(.rela.text.*)
 *(.rela.gnu.linkonce.t*)

.rel.fini
 *(.rel.fini)

.rela.fini
 *(.rela.fini)

.rel.rodata
 *(.rel.rodata)
 *(.rel.rodata.*)
 *(.rel.gnu.linkonce.r*)

.rela.rodata
 *(.rela.rodata)
 *(.rela.rodata.*)
 *(.rela.gnu.linkonce.r*)

.rel.data
 *(.rel.data)
 *(.rel.data.*)
 *(.rel.gnu.linkonce.d*)

.rela.data
 *(.rela.data)
 *(.rela.data.*)
 *(.rela.gnu.linkonce.d*)

.rel.ctors
 *(.rel.ctors)

.rela.ctors
 *(.rela.ctors)

.rel.dtors
 *(.rel.dtors)

.rela.dtors
 *(.rela.dtors)

.rel.got
 *(.rel.got)

.rela.got
 *(.rela.got)

.rel.bss
 *(.rel.bss)

.rela.bss
 *(.rela.bss)

.rel.plt
 *(.rel.plt)

.rela.plt
 *(.rela.plt)

.text           0x0000000000000000     0x64da
 *(.vectors)
 .vectors       0x0000000000000000       0x68 /home/prapor/AVR/avr-gcc-11.1.0-x64-linux/bin/../lib/gcc/avr/11.1.0/../../../../avr/lib/avr5/crtatmega328p.o
                0x0000000000000000                __vectors
                0x0000000000000000                __vector_default
 *(.vectors)
 *(.progmem.gcc*)
                0x0000000000000068                . = ALIGN (0x2)
                0x0000000000000068                __trampolines_start = .
 *(.trampolines)
 .trampolines   0x0000000000000068        0x0 linker stubs
 *(.trampolines*)
                0x0000000000000068                __trampolines_end = .
 *libprintf_flt.a:*(.progmem.data)
 *libc.a:*(.progmem.data)
 *(.progmem.*)
 .progmem.data  0x0000000000000068       0x7a obj/Release/app.o
 .progmem.data  0x00000000000000e2       0x3d obj/Release/ds18b20.o
 .progmem.data  0x000000000000011f       0x1f obj/Release/eeprom.o
 .progmem.data  0x000000000000013e      0x2be obj/Release/GSM.o
 .progmem.data  0x00000000000003fc       0x1f obj/Release/main.o
 .progmem.data  0x000000000000041b      0x49e obj/Release/sms_parse.o
 .progmem.data  0x00000000000008b9       0xe0 obj/Release/su_openwrt.o
                0x000000000000099a                . = ALIGN (0x2)
 *fill*         0x0000000000000999        0x1 
 *(.lowtext)
 *(.lowtext*)
                0x000000000000099a                __ctors_start = .
 *(.ctors)
                0x000000000000099a                __ctors_end = .
                0x000000000000099a                __dtors_start = .
 *(.dtors)
                0x000000000000099a                __dtors_end = .
 SORT_BY_NAME(*)(.ctors)
 SORT_BY_NAME(*)(.dtors)
 *(.init0)
 .init0         0x000000000000099a        0x0 /home/prapor/AVR/avr-gcc-11.1.0-x64-linux/bin/../lib/gcc/avr/11.1.0/../../../../avr/lib/avr5/crtatmega328p.o
                0x000000000000099a                __init
 *(.init0)
 *(.init1)
 *(.init1)
 *(.init2)
 .init2         0x000000000000099a        0xc /home/prapor/AVR/avr-gcc-11.1.0-x64-linux/bin/../lib/gcc/avr/11.1.0/../../../../avr/lib/avr5/crtatmega328p.o
 *(.init2)
 *(.init3)
 *(.init3)
 *(.init4)
 .init4         0x00000000000009a6       0x16 /home/prapor/AVR/avr-gcc-11.1.0-x64-linux/bin/../lib/gcc/avr/11.1.0/avr5/libgcc.a(_copy_data.o)
                0x00000000000009a6                __do_copy_data
 .init4         0x00000000000009bc       0x10 /home/prapor/AVR/avr-gcc-11.1.0-x64-linux/bin/../lib/gcc/avr/11.1.0/avr5/libgcc.a(_clear_bss.o)
                0x00000000000009bc                __do_clear_bss
 *(.init4)
 *(.init5)
 *(.init5)
 *(.init6)
 *(.init6)
 *(.init7)
 *(.init7)
 *(.init8)
 *(.init8)
 *(.init9)
 .init9         0x00000000000009cc        0x8 /home/prapor/AVR/avr-gcc-11.1.0-x64-linux/bin/../lib/gcc/avr/11.1.0/../../../../avr/lib/avr5/crtatmega328p.o
 *(.init9)
 *(.text)
 .text          0x00000000000009d4        0x4 /home/prapor/AVR/avr-gcc-11.1.0-x64-linux/bin/../lib/gcc/avr/11.1.0/../../../../avr/lib/avr5/crtatmega328p.o
                0x00000000000009d4                __vector_22
                0x00000000000009d4                __vector_1
                0x00000000000009d4                __vector_24
                0x00000000000009d4                __vector_12
                0x00000000000009d4                __bad_interrupt
                0x00000000000009d4                __vector_6
                0x00000000000009d4                __vector_3
                0x00000000000009d4                __vector_23
                0x00000000000009d4                __vector_25
                0x00000000000009d4                __vector_13
                0x00000000000009d4                __vector_17
                0x00000000000009d4                __vector_19
                0x00000000000009d4                __vector_5
                0x00000000000009d4                __vector_4
                0x00000000000009d4                __vector_9
                0x00000000000009d4                __vector_2
                0x00000000000009d4                __vector_21
                0x00000000000009d4                __vector_15
                0x00000000000009d4                __vector_8
                0x00000000000009d4                __vector_10
                0x00000000000009d4                __vector_16
                0x00000000000009d4                __vector_20
 .text          0x00000000000009d8      0x412 obj/Release/ADC.o
                0x00000000000009d8                ADC_INIT
                0x0000000000000a80                analogRead
                0x0000000000000af8                get_filtered_adc
                0x0000000000000b6e                get_int_temperature
                0x0000000000000b78                check_power
                0x0000000000000bb4                power_control
                0x0000000000000daa                get_time_without_power_s
 .text          0x0000000000000dea      0xa1a obj/Release/app.o
                0x0000000000000e48                check_guard
                0x000000000000138a                check_temperature_smoke
                0x0000000000001428                set_flag_alarm
                0x000000000000142e                get_flag_alarm
                0x000000000000143a                freeRam
                0x0000000000001468                ram_free
                0x00000000000014a6                check_light
                0x000000000000152a                set_light
                0x000000000000153a                get_light
                0x0000000000001546                get_flag_for_send
                0x0000000000001552                set_flag_for_send
                0x000000000000155e                get_flg_rst
                0x000000000000156a                set_flg_rst
                0x0000000000001576                get_temperature_18b20
                0x0000000000001582                get_temperature_mcu
                0x000000000000158e                send_sms_report
                0x00000000000017ec                get_flag_motion_inside
                0x00000000000017f8                set_flag_motion_inside
 .text          0x0000000000001804      0x5a6 obj/Release/ds18b20.o
                0x00000000000019ce                init_ds18b20
                0x0000000000001b0e                get_18b20
 .text          0x0000000000001daa      0x1d0 obj/Release/eeprom.o
                0x0000000000001daa                eeprom_save_config
                0x0000000000001dce                eeprom_read_config
                0x0000000000001e6c                EEPROM_update
                0x0000000000001e7c                set_accept_calls
                0x0000000000001e82                get_accept_calls
                0x0000000000001e88                set_accept_sms
                0x0000000000001e8e                get_accept_sms
                0x0000000000001e94                get_interval_power_off_report
                0x0000000000001e9a                set_interval_power_off_report
                0x0000000000001ea0                get_interval_power_on_report
                0x0000000000001ea6                set_interval_power_on_report
                0x0000000000001eac                get_guard
                0x0000000000001eb2                set_guard
                0x0000000000001eb8                get_local_guard
                0x0000000000001ebe                set_local_guard
                0x0000000000001ec4                get_phones
                0x0000000000001ed2                set_reset_count_mcu
                0x0000000000001ed8                get_reset_count_mcu
                0x0000000000001ede                inc_reset_count_mcu
                0x0000000000001eea                get_first_m
                0x0000000000001ef0                set_first_m
                0x0000000000001ef6                get_zone_mask
                0x0000000000001efc                set_zone_mask
                0x0000000000001f02                get_mtime_sens
                0x0000000000001f0c                set_mtime_sens
                0x0000000000001f16                get_interval_after_motion_m
                0x0000000000001f20                set_interval_after_motion_m
                0x0000000000001f2a                get_autoguard
                0x0000000000001f30                set_autoguard
                0x0000000000001f36                get_interval_after_button_m
                0x0000000000001f40                set_interval_after_button_m
                0x0000000000001f4a                get_first_usage
                0x0000000000001f50                set_first_usage
                0x0000000000001f56                get_admin_mode
                0x0000000000001f5c                set_admin_mode
                0x0000000000001f62                get_pause_alarm_report_s
                0x0000000000001f68                set_pause_alarm_report_s
                0x0000000000001f6e                get_single_sensor
                0x0000000000001f74                set_single_sensor
 .text          0x0000000000001f7a     0x1924 obj/Release/GSM.o
                0x00000000000020be                map_s
                0x00000000000020f0                get_message_from_mdm
                0x0000000000002626                send_sms_p
                0x000000000000270a                call_to
                0x0000000000002900                alarm_play_file
                0x0000000000002984                send_sms_admins
                0x00000000000029f8                send_sms
                0x0000000000002af4                check_phone_string
                0x0000000000002b26                delete_all_sms
                0x0000000000002b6a                get_sms
                0x0000000000002d8c                incoming_call_processing
                0x0000000000002e96                setup_init
                0x0000000000002ff8                reset_mcu
                0x000000000000303c                check_registration
                0x00000000000033e8                send_USSD
                0x0000000000003698                check_deposit
                0x000000000000372e                top_up_balance
                0x0000000000003810                get_error_code1
                0x0000000000003816                get_error_gsm
                0x0000000000003826                set_error_gsm
                0x0000000000003836                led_gsm
                0x0000000000003862                get_phone_number
                0x0000000000003868                get_arr_dep
                0x000000000000386e                get_registered_in_gsm_network
                0x000000000000387a                get_signal_strength
                0x0000000000003886                get_battery_level
                0x0000000000003892                get_flag_busy_mdm
 .text          0x000000000000389e        0x0 obj/Release/main.o
 .text          0x000000000000389e      0x20c obj/Release/port.o
                0x000000000000389e                port_init
                0x00000000000038d4                check_single_sensor
                0x0000000000003914                get_single_motion_detected
                0x000000000000391a                check_motion
                0x0000000000003986                get_motion_detected
                0x0000000000003990                is_btn_rst_pressed
                0x000000000000399c                check_button
 .text          0x0000000000003aaa      0xa0e obj/Release/sms_parse.o
                0x0000000000003bc2                find_phone_in_phone_list
                0x0000000000003bce                process_sms_body
                0x00000000000044a0                set_my_phone
 .text          0x00000000000044b8      0x23c obj/Release/softuart.o
                0x00000000000044b8                __vector_7
                0x00000000000045da                softuart_init
                0x0000000000004612                softuart_turn_rx_on
                0x0000000000004618                softuart_turn_rx_off
                0x0000000000004620                softuart_getchar
                0x0000000000004648                softuart_kbhit
                0x000000000000465a                softuart_flush_input_buffer
                0x0000000000004664                softuart_transmit_busy
                0x0000000000004672                softuart_putchar
                0x000000000000469c                softuart_puts
                0x00000000000046b4                softuart_puts_ln
                0x00000000000046d2                softuart_puts_p
 .text          0x00000000000046f4      0x616 obj/Release/su_openwrt.o
                0x00000000000046f4                check_internet
                0x0000000000004730                Crc8
                0x0000000000004756                send_state
                0x00000000000049fe                get_message_from_openwrt
                0x0000000000004c8c                timer_send_state
 .text          0x0000000000004d0a      0x4f4 obj/Release/timer.o
                0x0000000000004d0a                timer0_init
                0x0000000000004d22                timer1_init
                0x0000000000004d5a                buzzer_stop
                0x0000000000004d62                beep
                0x0000000000004d76                __vector_14
                0x0000000000004db4                led_management
                0x0000000000004de4                get_time_ms
                0x0000000000004e24                get_time_s
                0x0000000000004e64                get_time_m
                0x0000000000004ea4                reset_soft_wdt
                0x0000000000004eb4                delay_ms
                0x0000000000004f1e                delay_s
                0x0000000000004f88                start_buzzer
                0x0000000000004f8c                buzzer_non_block
                0x0000000000004fa6                stop_buzzer
                0x0000000000004faa                __vector_11
                0x0000000000005164                set_time_from_motion_s
                0x0000000000005182                get_time_from_motion_s
                0x00000000000051d2                set_time_from_button_s
                0x00000000000051e2                get_time_from_button_s
                0x00000000000051f2                get_beep_on
 .text          0x00000000000051fe      0x15a obj/Release/UART.o
                0x00000000000051fe                init_uart
                0x000000000000521e                __vector_18
                0x0000000000005258                get_byte_from_queue
                0x000000000000526e                is_queue_not_empty
                0x0000000000005280                uart_send_buf
                0x000000000000529a                uart_send_str
                0x00000000000052b2                uart_send_byte
                0x00000000000052c0                uart_send_str_p
                0x00000000000052dc                reset_uart_queue
                0x00000000000052e6                uart_flush
 .text          0x0000000000005358        0x0 /home/prapor/AVR/avr-gcc-11.1.0-x64-linux/bin/../lib/gcc/avr/11.1.0/avr5/libgcc.a(_udivmodhi4.o)
 .text          0x0000000000005358        0x0 /home/prapor/AVR/avr-gcc-11.1.0-x64-linux/bin/../lib/gcc/avr/11.1.0/avr5/libgcc.a(_udivmodsi4.o)
 .text          0x0000000000005358        0x0 /home/prapor/AVR/avr-gcc-11.1.0-x64-linux/bin/../lib/gcc/avr/11.1.0/avr5/libgcc.a(_exit.o)
 .text          0x0000000000005358        0x0 /home/prapor/AVR/avr-gcc-11.1.0-x64-linux/bin/../lib/gcc/avr/11.1.0/avr5/libgcc.a(_tablejump2.o)
 .text          0x0000000000005358        0x0 /home/prapor/AVR/avr-gcc-11.1.0-x64-linux/bin/../lib/gcc/avr/11.1.0/avr5/libgcc.a(_copy_data.o)
 .text          0x0000000000005358        0x0 /home/prapor/AVR/avr-gcc-11.1.0-x64-linux/bin/../lib/gcc/avr/11.1.0/avr5/libgcc.a(_clear_bss.o)
 .text          0x0000000000005358        0x0 /home/prapor/AVR/avr-gcc-11.1.0-x64-linux/bin/../lib/gcc/avr/11.1.0/avr5/libgcc.a(_umulhisi3.o)
 .text          0x0000000000005358        0x0 /home/prapor/AVR/avr-gcc-11.1.0-x64-linux/bin/../lib/gcc/avr/11.1.0/../../../../avr/lib/avr5/libm.a(fixsfsi.o)
 .text          0x0000000000005358        0x0 /home/prapor/AVR/avr-gcc-11.1.0-x64-linux/bin/../lib/gcc/avr/11.1.0/../../../../avr/lib/avr5/libm.a(fixunssfsi.o)
 .text          0x0000000000005358        0x0 /home/prapor/AVR/avr-gcc-11.1.0-x64-linux/bin/../lib/gcc/avr/11.1.0/../../../../avr/lib/avr5/libm.a(floatsisf.o)
 .text          0x0000000000005358        0x0 /home/prapor/AVR/avr-gcc-11.1.0-x64-linux/bin/../lib/gcc/avr/11.1.0/../../../../avr/lib/avr5/libm.a(fp_split3.o)
 .text          0x0000000000005358        0x0 /home/prapor/AVR/avr-gcc-11.1.0-x64-linux/bin/../lib/gcc/avr/11.1.0/../../../../avr/lib/avr5/libm.a(fp_zero.o)
 .text          0x0000000000005358        0x0 /home/prapor/AVR/avr-gcc-11.1.0-x64-linux/bin/../lib/gcc/avr/11.1.0/../../../../avr/lib/avr5/libm.a(mulsf3.o)
 .text          0x0000000000005358        0x0 /home/prapor/AVR/avr-gcc-11.1.0-x64-linux/bin/../lib/gcc/avr/11.1.0/../../../../avr/lib/avr5/libm.a(mulsf3x.o)
 .text          0x0000000000005358        0x0 /home/prapor/AVR/avr-gcc-11.1.0-x64-linux/bin/../lib/gcc/avr/11.1.0/../../../../avr/lib/avr5/libm.a(fp_inf.o)
 .text          0x0000000000005358        0x0 /home/prapor/AVR/avr-gcc-11.1.0-x64-linux/bin/../lib/gcc/avr/11.1.0/../../../../avr/lib/avr5/libm.a(fp_nan.o)
 .text          0x0000000000005358        0x0 /home/prapor/AVR/avr-gcc-11.1.0-x64-linux/bin/../lib/gcc/avr/11.1.0/../../../../avr/lib/avr5/libm.a(fp_pscA.o)
 .text          0x0000000000005358        0x0 /home/prapor/AVR/avr-gcc-11.1.0-x64-linux/bin/../lib/gcc/avr/11.1.0/../../../../avr/lib/avr5/libm.a(fp_pscB.o)
 .text          0x0000000000005358        0x0 /home/prapor/AVR/avr-gcc-11.1.0-x64-linux/bin/../lib/gcc/avr/11.1.0/../../../../avr/lib/avr5/libm.a(fp_round.o)
 .text          0x0000000000005358        0x0 /home/prapor/AVR/avr-gcc-11.1.0-x64-linux/bin/../lib/gcc/avr/11.1.0/../../../../avr/lib/avr5/libc.a(malloc.o)
 .text          0x0000000000005358        0x0 /home/prapor/AVR/avr-gcc-11.1.0-x64-linux/bin/../lib/gcc/avr/11.1.0/../../../../avr/lib/avr5/libc.a(strtoul.o)
 .text          0x0000000000005358        0x0 /home/prapor/AVR/avr-gcc-11.1.0-x64-linux/bin/../lib/gcc/avr/11.1.0/../../../../avr/lib/avr5/libc.a(atoi.o)
 .text          0x0000000000005358        0x0 /home/prapor/AVR/avr-gcc-11.1.0-x64-linux/bin/../lib/gcc/avr/11.1.0/../../../../avr/lib/avr5/libc.a(isspace.o)
 .text          0x0000000000005358        0x0 /home/prapor/AVR/avr-gcc-11.1.0-x64-linux/bin/../lib/gcc/avr/11.1.0/../../../../avr/lib/avr5/libc.a(memcmp_P.o)
 .text          0x0000000000005358        0x0 /home/prapor/AVR/avr-gcc-11.1.0-x64-linux/bin/../lib/gcc/avr/11.1.0/../../../../avr/lib/avr5/libc.a(memcpy_P.o)
 .text          0x0000000000005358        0x0 /home/prapor/AVR/avr-gcc-11.1.0-x64-linux/bin/../lib/gcc/avr/11.1.0/../../../../avr/lib/avr5/libc.a(strstr_P.o)
 .text          0x0000000000005358        0x0 /home/prapor/AVR/avr-gcc-11.1.0-x64-linux/bin/../lib/gcc/avr/11.1.0/../../../../avr/lib/avr5/libc.a(strtok.o)
 .text          0x0000000000005358        0x0 /home/prapor/AVR/avr-gcc-11.1.0-x64-linux/bin/../lib/gcc/avr/11.1.0/../../../../avr/lib/avr5/libc.a(memcmp.o)
 .text          0x0000000000005358        0x0 /home/prapor/AVR/avr-gcc-11.1.0-x64-linux/bin/../lib/gcc/avr/11.1.0/../../../../avr/lib/avr5/libc.a(memmove.o)
 .text          0x0000000000005358        0x0 /home/prapor/AVR/avr-gcc-11.1.0-x64-linux/bin/../lib/gcc/avr/11.1.0/../../../../avr/lib/avr5/libc.a(memset.o)
 .text          0x0000000000005358        0x0 /home/prapor/AVR/avr-gcc-11.1.0-x64-linux/bin/../lib/gcc/avr/11.1.0/../../../../avr/lib/avr5/libc.a(strchr.o)
 .text          0x0000000000005358        0x0 /home/prapor/AVR/avr-gcc-11.1.0-x64-linux/bin/../lib/gcc/avr/11.1.0/../../../../avr/lib/avr5/libc.a(strstr.o)
 .text          0x0000000000005358        0x0 /home/prapor/AVR/avr-gcc-11.1.0-x64-linux/bin/../lib/gcc/avr/11.1.0/../../../../avr/lib/avr5/libc.a(strtok_r.o)
 .text          0x0000000000005358        0x0 /home/prapor/AVR/avr-gcc-11.1.0-x64-linux/bin/../lib/gcc/avr/11.1.0/../../../../avr/lib/avr5/libc.a(itoa_ncheck.o)
 .text          0x0000000000005358        0x0 /home/prapor/AVR/avr-gcc-11.1.0-x64-linux/bin/../lib/gcc/avr/11.1.0/../../../../avr/lib/avr5/libc.a(mul10.o)
 .text          0x0000000000005358        0x0 /home/prapor/AVR/avr-gcc-11.1.0-x64-linux/bin/../lib/gcc/avr/11.1.0/../../../../avr/lib/avr5/libc.a(utoa_ncheck.o)
 .text          0x0000000000005358        0x0 /home/prapor/AVR/avr-gcc-11.1.0-x64-linux/bin/../lib/gcc/avr/11.1.0/../../../../avr/lib/avr5/libc.a(sprintf_p.o)
 .text          0x0000000000005358        0x0 /home/prapor/AVR/avr-gcc-11.1.0-x64-linux/bin/../lib/gcc/avr/11.1.0/../../../../avr/lib/avr5/libc.a(vfprintf_std.o)
 .text          0x0000000000005358        0x0 /home/prapor/AVR/avr-gcc-11.1.0-x64-linux/bin/../lib/gcc/avr/11.1.0/../../../../avr/lib/avr5/libc.a(errno.o)
 .text          0x0000000000005358        0x0 /home/prapor/AVR/avr-gcc-11.1.0-x64-linux/bin/../lib/gcc/avr/11.1.0/../../../../avr/lib/avr5/libc.a(cty_isfalse.o)
 .text          0x0000000000005358        0x0 /home/prapor/AVR/avr-gcc-11.1.0-x64-linux/bin/../lib/gcc/avr/11.1.0/../../../../avr/lib/avr5/libc.a(strnlen_P.o)
 .text          0x0000000000005358        0x0 /home/prapor/AVR/avr-gcc-11.1.0-x64-linux/bin/../lib/gcc/avr/11.1.0/../../../../avr/lib/avr5/libc.a(memcpy.o)
 .text          0x0000000000005358        0x0 /home/prapor/AVR/avr-gcc-11.1.0-x64-linux/bin/../lib/gcc/avr/11.1.0/../../../../avr/lib/avr5/libc.a(strnlen.o)
 .text          0x0000000000005358        0x0 /home/prapor/AVR/avr-gcc-11.1.0-x64-linux/bin/../lib/gcc/avr/11.1.0/../../../../avr/lib/avr5/libc.a(strrev.o)
 .text          0x0000000000005358        0x0 /home/prapor/AVR/avr-gcc-11.1.0-x64-linux/bin/../lib/gcc/avr/11.1.0/../../../../avr/lib/avr5/libc.a(fputc.o)
 .text          0x0000000000005358        0x0 /home/prapor/AVR/avr-gcc-11.1.0-x64-linux/bin/../lib/gcc/avr/11.1.0/../../../../avr/lib/avr5/libc.a(ultoa_invert.o)
 .text          0x0000000000005358        0x0 /home/prapor/AVR/avr-gcc-11.1.0-x64-linux/bin/../lib/gcc/avr/11.1.0/../../../../avr/lib/avr5/libatmega328p.a(eerd_block.o)
 .text          0x0000000000005358        0x0 /home/prapor/AVR/avr-gcc-11.1.0-x64-linux/bin/../lib/gcc/avr/11.1.0/../../../../avr/lib/avr5/libatmega328p.a(eeupd_block.o)
 .text          0x0000000000005358        0x0 /home/prapor/AVR/avr-gcc-11.1.0-x64-linux/bin/../lib/gcc/avr/11.1.0/../../../../avr/lib/avr5/libatmega328p.a(eeupd_byte.o)
 .text          0x0000000000005358        0x0 /home/prapor/AVR/avr-gcc-11.1.0-x64-linux/bin/../lib/gcc/avr/11.1.0/../../../../avr/lib/avr5/libatmega328p.a(eewr_block.o)
 .text          0x0000000000005358        0x0 /home/prapor/AVR/avr-gcc-11.1.0-x64-linux/bin/../lib/gcc/avr/11.1.0/../../../../avr/lib/avr5/libatmega328p.a(eewr_byte.o)
 .text          0x0000000000005358        0x0 /home/prapor/AVR/avr-gcc-11.1.0-x64-linux/bin/../lib/gcc/avr/11.1.0/avr5/libgcc.a(_mulsi3.o)
 .text          0x0000000000005358        0x0 /home/prapor/AVR/avr-gcc-11.1.0-x64-linux/bin/../lib/gcc/avr/11.1.0/avr5/libgcc.a(_muluhisi3.o)
 .text          0x0000000000005358        0x0 /home/prapor/AVR/avr-gcc-11.1.0-x64-linux/bin/../lib/gcc/avr/11.1.0/avr5/libgcc.a(_prologue.o)
 .text          0x0000000000005358        0x0 /home/prapor/AVR/avr-gcc-11.1.0-x64-linux/bin/../lib/gcc/avr/11.1.0/avr5/libgcc.a(_epilogue.o)
                0x0000000000005358                . = ALIGN (0x2)
 *(.text.*)
 .text.startup  0x0000000000005358       0xec obj/Release/main.o
                0x0000000000005358                main
 .text.libgcc.mul
                0x0000000000005444        0x0 /home/prapor/AVR/avr-gcc-11.1.0-x64-linux/bin/../lib/gcc/avr/11.1.0/avr5/libgcc.a(_udivmodhi4.o)
 .text.libgcc.div
                0x0000000000005444       0x28 /home/prapor/AVR/avr-gcc-11.1.0-x64-linux/bin/../lib/gcc/avr/11.1.0/avr5/libgcc.a(_udivmodhi4.o)
                0x0000000000005444                __udivmodhi4
 .text.libgcc   0x000000000000546c        0x0 /home/prapor/AVR/avr-gcc-11.1.0-x64-linux/bin/../lib/gcc/avr/11.1.0/avr5/libgcc.a(_udivmodhi4.o)
 .text.libgcc.prologue
                0x000000000000546c        0x0 /home/prapor/AVR/avr-gcc-11.1.0-x64-linux/bin/../lib/gcc/avr/11.1.0/avr5/libgcc.a(_udivmodhi4.o)
 .text.libgcc.builtins
                0x000000000000546c        0x0 /home/prapor/AVR/avr-gcc-11.1.0-x64-linux/bin/../lib/gcc/avr/11.1.0/avr5/libgcc.a(_udivmodhi4.o)
 .text.libgcc.fmul
                0x000000000000546c        0x0 /home/prapor/AVR/avr-gcc-11.1.0-x64-linux/bin/../lib/gcc/avr/11.1.0/avr5/libgcc.a(_udivmodhi4.o)
 .text.libgcc.fixed
                0x000000000000546c        0x0 /home/prapor/AVR/avr-gcc-11.1.0-x64-linux/bin/../lib/gcc/avr/11.1.0/avr5/libgcc.a(_udivmodhi4.o)
 .text.libgcc.mul
                0x000000000000546c        0x0 /home/prapor/AVR/avr-gcc-11.1.0-x64-linux/bin/../lib/gcc/avr/11.1.0/avr5/libgcc.a(_udivmodsi4.o)
 .text.libgcc.div
                0x000000000000546c       0x44 /home/prapor/AVR/avr-gcc-11.1.0-x64-linux/bin/../lib/gcc/avr/11.1.0/avr5/libgcc.a(_udivmodsi4.o)
                0x000000000000546c                __udivmodsi4
 .text.libgcc   0x00000000000054b0        0x0 /home/prapor/AVR/avr-gcc-11.1.0-x64-linux/bin/../lib/gcc/avr/11.1.0/avr5/libgcc.a(_udivmodsi4.o)
 .text.libgcc.prologue
                0x00000000000054b0        0x0 /home/prapor/AVR/avr-gcc-11.1.0-x64-linux/bin/../lib/gcc/avr/11.1.0/avr5/libgcc.a(_udivmodsi4.o)
 .text.libgcc.builtins
                0x00000000000054b0        0x0 /home/prapor/AVR/avr-gcc-11.1.0-x64-linux/bin/../lib/gcc/avr/11.1.0/avr5/libgcc.a(_udivmodsi4.o)
 .text.libgcc.fmul
                0x00000000000054b0        0x0 /home/prapor/AVR/avr-gcc-11.1.0-x64-linux/bin/../lib/gcc/avr/11.1.0/avr5/libgcc.a(_udivmodsi4.o)
 .text.libgcc.fixed
                0x00000000000054b0        0x0 /home/prapor/AVR/avr-gcc-11.1.0-x64-linux/bin/../lib/gcc/avr/11.1.0/avr5/libgcc.a(_udivmodsi4.o)
 .text.libgcc.mul
                0x00000000000054b0        0x0 /home/prapor/AVR/avr-gcc-11.1.0-x64-linux/bin/../lib/gcc/avr/11.1.0/avr5/libgcc.a(_exit.o)
 .text.libgcc.div
                0x00000000000054b0        0x0 /home/prapor/AVR/avr-gcc-11.1.0-x64-linux/bin/../lib/gcc/avr/11.1.0/avr5/libgcc.a(_exit.o)
 .text.libgcc   0x00000000000054b0        0x0 /home/prapor/AVR/avr-gcc-11.1.0-x64-linux/bin/../lib/gcc/avr/11.1.0/avr5/libgcc.a(_exit.o)
 .text.libgcc.prologue
                0x00000000000054b0        0x0 /home/prapor/AVR/avr-gcc-11.1.0-x64-linux/bin/../lib/gcc/avr/11.1.0/avr5/libgcc.a(_exit.o)
 .text.libgcc.builtins
                0x00000000000054b0        0x0 /home/prapor/AVR/avr-gcc-11.1.0-x64-linux/bin/../lib/gcc/avr/11.1.0/avr5/libgcc.a(_exit.o)
 .text.libgcc.fmul
                0x00000000000054b0        0x0 /home/prapor/AVR/avr-gcc-11.1.0-x64-linux/bin/../lib/gcc/avr/11.1.0/avr5/libgcc.a(_exit.o)
 .text.libgcc.fixed
                0x00000000000054b0        0x0 /home/prapor/AVR/avr-gcc-11.1.0-x64-linux/bin/../lib/gcc/avr/11.1.0/avr5/libgcc.a(_exit.o)
 .text.libgcc.mul
                0x00000000000054b0        0x0 /home/prapor/AVR/avr-gcc-11.1.0-x64-linux/bin/../lib/gcc/avr/11.1.0/avr5/libgcc.a(_tablejump2.o)
 .text.libgcc.div
                0x00000000000054b0        0x0 /home/prapor/AVR/avr-gcc-11.1.0-x64-linux/bin/../lib/gcc/avr/11.1.0/avr5/libgcc.a(_tablejump2.o)
 .text.libgcc   0x00000000000054b0        0xc /home/prapor/AVR/avr-gcc-11.1.0-x64-linux/bin/../lib/gcc/avr/11.1.0/avr5/libgcc.a(_tablejump2.o)
                0x00000000000054b0                __tablejump2__
 .text.libgcc.prologue
                0x00000000000054bc        0x0 /home/prapor/AVR/avr-gcc-11.1.0-x64-linux/bin/../lib/gcc/avr/11.1.0/avr5/libgcc.a(_tablejump2.o)
 .text.libgcc.builtins
                0x00000000000054bc        0x0 /home/prapor/AVR/avr-gcc-11.1.0-x64-linux/bin/../lib/gcc/avr/11.1.0/avr5/libgcc.a(_tablejump2.o)
 .text.libgcc.fmul
                0x00000000000054bc        0x0 /home/prapor/AVR/avr-gcc-11.1.0-x64-linux/bin/../lib/gcc/avr/11.1.0/avr5/libgcc.a(_tablejump2.o)
 .text.libgcc.fixed
                0x00000000000054bc        0x0 /home/prapor/AVR/avr-gcc-11.1.0-x64-linux/bin/../lib/gcc/avr/11.1.0/avr5/libgcc.a(_tablejump2.o)
 .text.libgcc.mul
                0x00000000000054bc        0x0 /home/prapor/AVR/avr-gcc-11.1.0-x64-linux/bin/../lib/gcc/avr/11.1.0/avr5/libgcc.a(_copy_data.o)
 .text.libgcc.div
                0x00000000000054bc        0x0 /home/prapor/AVR/avr-gcc-11.1.0-x64-linux/bin/../lib/gcc/avr/11.1.0/avr5/libgcc.a(_copy_data.o)
 .text.libgcc   0x00000000000054bc        0x0 /home/prapor/AVR/avr-gcc-11.1.0-x64-linux/bin/../lib/gcc/avr/11.1.0/avr5/libgcc.a(_copy_data.o)
 .text.libgcc.prologue
                0x00000000000054bc        0x0 /home/prapor/AVR/avr-gcc-11.1.0-x64-linux/bin/../lib/gcc/avr/11.1.0/avr5/libgcc.a(_copy_data.o)
 .text.libgcc.builtins
                0x00000000000054bc        0x0 /home/prapor/AVR/avr-gcc-11.1.0-x64-linux/bin/../lib/gcc/avr/11.1.0/avr5/libgcc.a(_copy_data.o)
 .text.libgcc.fmul
                0x00000000000054bc        0x0 /home/prapor/AVR/avr-gcc-11.1.0-x64-linux/bin/../lib/gcc/avr/11.1.0/avr5/libgcc.a(_copy_data.o)
 .text.libgcc.fixed
                0x00000000000054bc        0x0 /home/prapor/AVR/avr-gcc-11.1.0-x64-linux/bin/../lib/gcc/avr/11.1.0/avr5/libgcc.a(_copy_data.o)
 .text.libgcc.mul
                0x00000000000054bc        0x0 /home/prapor/AVR/avr-gcc-11.1.0-x64-linux/bin/../lib/gcc/avr/11.1.0/avr5/libgcc.a(_clear_bss.o)
 .text.libgcc.div
                0x00000000000054bc        0x0 /home/prapor/AVR/avr-gcc-11.1.0-x64-linux/bin/../lib/gcc/avr/11.1.0/avr5/libgcc.a(_clear_bss.o)
 .text.libgcc   0x00000000000054bc        0x0 /home/prapor/AVR/avr-gcc-11.1.0-x64-linux/bin/../lib/gcc/avr/11.1.0/avr5/libgcc.a(_clear_bss.o)
 .text.libgcc.prologue
                0x00000000000054bc        0x0 /home/prapor/AVR/avr-gcc-11.1.0-x64-linux/bin/../lib/gcc/avr/11.1.0/avr5/libgcc.a(_clear_bss.o)
 .text.libgcc.builtins
                0x00000000000054bc        0x0 /home/prapor/AVR/avr-gcc-11.1.0-x64-linux/bin/../lib/gcc/avr/11.1.0/avr5/libgcc.a(_clear_bss.o)
 .text.libgcc.fmul
                0x00000000000054bc        0x0 /home/prapor/AVR/avr-gcc-11.1.0-x64-linux/bin/../lib/gcc/avr/11.1.0/avr5/libgcc.a(_clear_bss.o)
 .text.libgcc.fixed
                0x00000000000054bc        0x0 /home/prapor/AVR/avr-gcc-11.1.0-x64-linux/bin/../lib/gcc/avr/11.1.0/avr5/libgcc.a(_clear_bss.o)
 .text.libgcc.mul
                0x00000000000054bc       0x1e /home/prapor/AVR/avr-gcc-11.1.0-x64-linux/bin/../lib/gcc/avr/11.1.0/avr5/libgcc.a(_umulhisi3.o)
                0x00000000000054bc                __umulhisi3
 .text.libgcc.div
                0x00000000000054da        0x0 /home/prapor/AVR/avr-gcc-11.1.0-x64-linux/bin/../lib/gcc/avr/11.1.0/avr5/libgcc.a(_umulhisi3.o)
 .text.libgcc   0x00000000000054da        0x0 /home/prapor/AVR/avr-gcc-11.1.0-x64-linux/bin/../lib/gcc/avr/11.1.0/avr5/libgcc.a(_umulhisi3.o)
 .text.libgcc.prologue
                0x00000000000054da        0x0 /home/prapor/AVR/avr-gcc-11.1.0-x64-linux/bin/../lib/gcc/avr/11.1.0/avr5/libgcc.a(_umulhisi3.o)
 .text.libgcc.builtins
                0x00000000000054da        0x0 /home/prapor/AVR/avr-gcc-11.1.0-x64-linux/bin/../lib/gcc/avr/11.1.0/avr5/libgcc.a(_umulhisi3.o)
 .text.libgcc.fmul
                0x00000000000054da        0x0 /home/prapor/AVR/avr-gcc-11.1.0-x64-linux/bin/../lib/gcc/avr/11.1.0/avr5/libgcc.a(_umulhisi3.o)
 .text.libgcc.fixed
                0x00000000000054da        0x0 /home/prapor/AVR/avr-gcc-11.1.0-x64-linux/bin/../lib/gcc/avr/11.1.0/avr5/libgcc.a(_umulhisi3.o)
 .text.avr-libc.fplib
                0x00000000000054da        0xe /home/prapor/AVR/avr-gcc-11.1.0-x64-linux/bin/../lib/gcc/avr/11.1.0/../../../../avr/lib/avr5/libm.a(fixsfsi.o)
                0x00000000000054da                __fixsfsi
 .text.avr-libc.fplib
                0x00000000000054e8       0x5e /home/prapor/AVR/avr-gcc-11.1.0-x64-linux/bin/../lib/gcc/avr/11.1.0/../../../../avr/lib/avr5/libm.a(fixunssfsi.o)
                0x00000000000054e8                __fixunssfsi
 .text.avr-libc.fplib
                0x0000000000005546       0x7a /home/prapor/AVR/avr-gcc-11.1.0-x64-linux/bin/../lib/gcc/avr/11.1.0/../../../../avr/lib/avr5/libm.a(floatsisf.o)
                0x0000000000005546                __floatunsisf
                0x000000000000554a                __floatsisf
 .text.avr-libc.fplib
                0x00000000000055c0       0x44 /home/prapor/AVR/avr-gcc-11.1.0-x64-linux/bin/../lib/gcc/avr/11.1.0/../../../../avr/lib/avr5/libm.a(fp_split3.o)
                0x00000000000055c0                __fp_split3
                0x00000000000055d0                __fp_splitA
 .text.avr-libc.fplib
                0x0000000000005604        0xe /home/prapor/AVR/avr-gcc-11.1.0-x64-linux/bin/../lib/gcc/avr/11.1.0/../../../../avr/lib/avr5/libm.a(fp_zero.o)
                0x0000000000005604                __fp_zero
                0x0000000000005606                __fp_szero
 .text.avr-libc.fplib
                0x0000000000005612        0x8 /home/prapor/AVR/avr-gcc-11.1.0-x64-linux/bin/../lib/gcc/avr/11.1.0/../../../../avr/lib/avr5/libm.a(mulsf3.o)
                0x0000000000005612                __mulsf3
 .text.avr-libc.fplib
                0x000000000000561a       0xd2 /home/prapor/AVR/avr-gcc-11.1.0-x64-linux/bin/../lib/gcc/avr/11.1.0/../../../../avr/lib/avr5/libm.a(mulsf3x.o)
                0x0000000000005638                __mulsf3x
                0x000000000000563e                __mulsf3_pse
 .text.avr-libc.fplib
                0x00000000000056ec        0xc /home/prapor/AVR/avr-gcc-11.1.0-x64-linux/bin/../lib/gcc/avr/11.1.0/../../../../avr/lib/avr5/libm.a(fp_inf.o)
                0x00000000000056ec                __fp_inf
 .text.avr-libc.fplib
                0x00000000000056f8        0x6 /home/prapor/AVR/avr-gcc-11.1.0-x64-linux/bin/../lib/gcc/avr/11.1.0/../../../../avr/lib/avr5/libm.a(fp_nan.o)
                0x00000000000056f8                __fp_nan
 .text.avr-libc.fplib
                0x00000000000056fe        0xe /home/prapor/AVR/avr-gcc-11.1.0-x64-linux/bin/../lib/gcc/avr/11.1.0/../../../../avr/lib/avr5/libm.a(fp_pscA.o)
                0x00000000000056fe                __fp_pscA
 .text.avr-libc.fplib
                0x000000000000570c        0xe /home/prapor/AVR/avr-gcc-11.1.0-x64-linux/bin/../lib/gcc/avr/11.1.0/../../../../avr/lib/avr5/libm.a(fp_pscB.o)
                0x000000000000570c                __fp_pscB
 .text.avr-libc.fplib
                0x000000000000571a       0x22 /home/prapor/AVR/avr-gcc-11.1.0-x64-linux/bin/../lib/gcc/avr/11.1.0/../../../../avr/lib/avr5/libm.a(fp_round.o)
                0x000000000000571a                __fp_round
 .text.avr-libc
                0x000000000000573c      0x250 /home/prapor/AVR/avr-gcc-11.1.0-x64-linux/bin/../lib/gcc/avr/11.1.0/../../../../avr/lib/avr5/libc.a(malloc.o)
                0x000000000000573c                malloc
                0x0000000000005868                free
 .text.avr-libc
                0x000000000000598c      0x290 /home/prapor/AVR/avr-gcc-11.1.0-x64-linux/bin/../lib/gcc/avr/11.1.0/../../../../avr/lib/avr5/libc.a(strtoul.o)
                0x000000000000598c                strtoul
 .text.avr-libc
                0x0000000000005c1c       0x3c /home/prapor/AVR/avr-gcc-11.1.0-x64-linux/bin/../lib/gcc/avr/11.1.0/../../../../avr/lib/avr5/libc.a(atoi.o)
                0x0000000000005c1c                atoi
 .text.avr-libc
                0x0000000000005c58       0x12 /home/prapor/AVR/avr-gcc-11.1.0-x64-linux/bin/../lib/gcc/avr/11.1.0/../../../../avr/lib/avr5/libc.a(isspace.o)
                0x0000000000005c58                isspace
 .text.avr-libc
                0x0000000000005c6a       0x1a /home/prapor/AVR/avr-gcc-11.1.0-x64-linux/bin/../lib/gcc/avr/11.1.0/../../../../avr/lib/avr5/libc.a(memcmp_P.o)
                0x0000000000005c6a                memcmp_P
 .text.avr-libc
                0x0000000000005c84       0x12 /home/prapor/AVR/avr-gcc-11.1.0-x64-linux/bin/../lib/gcc/avr/11.1.0/../../../../avr/lib/avr5/libc.a(memcpy_P.o)
                0x0000000000005c84                memcpy_P
 .text.avr-libc
                0x0000000000005c96       0x34 /home/prapor/AVR/avr-gcc-11.1.0-x64-linux/bin/../lib/gcc/avr/11.1.0/../../../../avr/lib/avr5/libc.a(strstr_P.o)
                0x0000000000005c96                strstr_P
 .text.avr-libc
                0x0000000000005cca        0xa /home/prapor/AVR/avr-gcc-11.1.0-x64-linux/bin/../lib/gcc/avr/11.1.0/../../../../avr/lib/avr5/libc.a(strtok.o)
                0x0000000000005cca                strtok
 .text.avr-libc
                0x0000000000005cd4       0x1a /home/prapor/AVR/avr-gcc-11.1.0-x64-linux/bin/../lib/gcc/avr/11.1.0/../../../../avr/lib/avr5/libc.a(memcmp.o)
                0x0000000000005cd4                memcmp
 .text.avr-libc
                0x0000000000005cee       0x24 /home/prapor/AVR/avr-gcc-11.1.0-x64-linux/bin/../lib/gcc/avr/11.1.0/../../../../avr/lib/avr5/libc.a(memmove.o)
                0x0000000000005cee                memmove
 .text.avr-libc
                0x0000000000005d12        0xe /home/prapor/AVR/avr-gcc-11.1.0-x64-linux/bin/../lib/gcc/avr/11.1.0/../../../../avr/lib/avr5/libc.a(memset.o)
                0x0000000000005d12                memset
 .text.avr-libc
                0x0000000000005d20       0x16 /home/prapor/AVR/avr-gcc-11.1.0-x64-linux/bin/../lib/gcc/avr/11.1.0/../../../../avr/lib/avr5/libc.a(strchr.o)
                0x0000000000005d20                strchr
 .text.avr-libc
                0x0000000000005d36       0x34 /home/prapor/AVR/avr-gcc-11.1.0-x64-linux/bin/../lib/gcc/avr/11.1.0/../../../../avr/lib/avr5/libc.a(strstr.o)
                0x0000000000005d36                strstr
 .text.avr-libc
                0x0000000000005d6a       0x4e /home/prapor/AVR/avr-gcc-11.1.0-x64-linux/bin/../lib/gcc/avr/11.1.0/../../../../avr/lib/avr5/libc.a(strtok_r.o)
                0x0000000000005d6a                strtok_r
 .text.avr-libc
                0x0000000000005db8       0x16 /home/prapor/AVR/avr-gcc-11.1.0-x64-linux/bin/../lib/gcc/avr/11.1.0/../../../../avr/lib/avr5/libc.a(itoa_ncheck.o)
                0x0000000000005db8                __itoa_ncheck
 .text.avr-libc
                0x0000000000005dce       0x10 /home/prapor/AVR/avr-gcc-11.1.0-x64-linux/bin/../lib/gcc/avr/11.1.0/../../../../avr/lib/avr5/libc.a(mul10.o)
                0x0000000000005dce                __mulhi_const_10
 .text.avr-libc
                0x0000000000005dde       0x34 /home/prapor/AVR/avr-gcc-11.1.0-x64-linux/bin/../lib/gcc/avr/11.1.0/../../../../avr/lib/avr5/libc.a(utoa_ncheck.o)
                0x0000000000005dde                __utoa_ncheck
                0x0000000000005de0                __utoa_common
 .text.avr-libc
                0x0000000000005e12       0x46 /home/prapor/AVR/avr-gcc-11.1.0-x64-linux/bin/../lib/gcc/avr/11.1.0/../../../../avr/lib/avr5/libc.a(sprintf_p.o)
                0x0000000000005e12                sprintf_P
 .text.avr-libc
                0x0000000000005e58      0x3a6 /home/prapor/AVR/avr-gcc-11.1.0-x64-linux/bin/../lib/gcc/avr/11.1.0/../../../../avr/lib/avr5/libc.a(vfprintf_std.o)
                0x0000000000005e58                vfprintf
 .text.avr-libc
                0x00000000000061fe        0x6 /home/prapor/AVR/avr-gcc-11.1.0-x64-linux/bin/../lib/gcc/avr/11.1.0/../../../../avr/lib/avr5/libc.a(cty_isfalse.o)
                0x00000000000061fe                __ctype_isfalse
                0x0000000000006202                __ctype_istrue
 .text.avr-libc
                0x0000000000006204       0x16 /home/prapor/AVR/avr-gcc-11.1.0-x64-linux/bin/../lib/gcc/avr/11.1.0/../../../../avr/lib/avr5/libc.a(strnlen_P.o)
                0x0000000000006204                strnlen_P
 .text.avr-libc
                0x000000000000621a       0x12 /home/prapor/AVR/avr-gcc-11.1.0-x64-linux/bin/../lib/gcc/avr/11.1.0/../../../../avr/lib/avr5/libc.a(memcpy.o)
                0x000000000000621a                memcpy
 .text.avr-libc
                0x000000000000622c       0x16 /home/prapor/AVR/avr-gcc-11.1.0-x64-linux/bin/../lib/gcc/avr/11.1.0/../../../../avr/lib/avr5/libc.a(strnlen.o)
                0x000000000000622c                strnlen
 .text.avr-libc
                0x0000000000006242       0x20 /home/prapor/AVR/avr-gcc-11.1.0-x64-linux/bin/../lib/gcc/avr/11.1.0/../../../../avr/lib/avr5/libc.a(strrev.o)
                0x0000000000006242                strrev
 .text.avr-libc
                0x0000000000006262       0x60 /home/prapor/AVR/avr-gcc-11.1.0-x64-linux/bin/../lib/gcc/avr/11.1.0/../../../../avr/lib/avr5/libc.a(fputc.o)
                0x0000000000006262                fputc
 .text.avr-libc
                0x00000000000062c2       0xbc /home/prapor/AVR/avr-gcc-11.1.0-x64-linux/bin/../lib/gcc/avr/11.1.0/../../../../avr/lib/avr5/libc.a(ultoa_invert.o)
                0x00000000000062c2                __ultoa_invert
 .text.avr-libc
                0x000000000000637e       0x20 /home/prapor/AVR/avr-gcc-11.1.0-x64-linux/bin/../lib/gcc/avr/11.1.0/../../../../avr/lib/avr5/libatmega328p.a(eerd_block.o)
                0x000000000000637e                eeprom_read_block
                0x0000000000006382                eeprom_read_blraw
 .text.avr-libc
                0x000000000000639e       0x20 /home/prapor/AVR/avr-gcc-11.1.0-x64-linux/bin/../lib/gcc/avr/11.1.0/../../../../avr/lib/avr5/libatmega328p.a(eeupd_block.o)
                0x000000000000639e                eeprom_update_block
 .text.avr-libc
                0x00000000000063be       0x24 /home/prapor/AVR/avr-gcc-11.1.0-x64-linux/bin/../lib/gcc/avr/11.1.0/../../../../avr/lib/avr5/libatmega328p.a(eeupd_byte.o)
                0x00000000000063be                eeprom_update_byte
                0x00000000000063c0                eeprom_update_r18
 .text.avr-libc
                0x00000000000063e2       0x14 /home/prapor/AVR/avr-gcc-11.1.0-x64-linux/bin/../lib/gcc/avr/11.1.0/../../../../avr/lib/avr5/libatmega328p.a(eewr_block.o)
                0x00000000000063e2                eeprom_write_block
 .text.avr-libc
                0x00000000000063f6       0x1c /home/prapor/AVR/avr-gcc-11.1.0-x64-linux/bin/../lib/gcc/avr/11.1.0/../../../../avr/lib/avr5/libatmega328p.a(eewr_byte.o)
                0x00000000000063f6                eeprom_write_byte
                0x00000000000063f8                eeprom_write_r18
 .text.libgcc.mul
                0x0000000000006412       0x20 /home/prapor/AVR/avr-gcc-11.1.0-x64-linux/bin/../lib/gcc/avr/11.1.0/avr5/libgcc.a(_mulsi3.o)
                0x0000000000006412                __mulsi3
 .text.libgcc.div
                0x0000000000006432        0x0 /home/prapor/AVR/avr-gcc-11.1.0-x64-linux/bin/../lib/gcc/avr/11.1.0/avr5/libgcc.a(_mulsi3.o)
 .text.libgcc   0x0000000000006432        0x0 /home/prapor/AVR/avr-gcc-11.1.0-x64-linux/bin/../lib/gcc/avr/11.1.0/avr5/libgcc.a(_mulsi3.o)
 .text.libgcc.prologue
                0x0000000000006432        0x0 /home/prapor/AVR/avr-gcc-11.1.0-x64-linux/bin/../lib/gcc/avr/11.1.0/avr5/libgcc.a(_mulsi3.o)
 .text.libgcc.builtins
                0x0000000000006432        0x0 /home/prapor/AVR/avr-gcc-11.1.0-x64-linux/bin/../lib/gcc/avr/11.1.0/avr5/libgcc.a(_mulsi3.o)
 .text.libgcc.fmul
                0x0000000000006432        0x0 /home/prapor/AVR/avr-gcc-11.1.0-x64-linux/bin/../lib/gcc/avr/11.1.0/avr5/libgcc.a(_mulsi3.o)
 .text.libgcc.fixed
                0x0000000000006432        0x0 /home/prapor/AVR/avr-gcc-11.1.0-x64-linux/bin/../lib/gcc/avr/11.1.0/avr5/libgcc.a(_mulsi3.o)
 .text.libgcc.mul
                0x0000000000006432       0x16 /home/prapor/AVR/avr-gcc-11.1.0-x64-linux/bin/../lib/gcc/avr/11.1.0/avr5/libgcc.a(_muluhisi3.o)
                0x0000000000006432                __muluhisi3
 .text.libgcc.div
                0x0000000000006448        0x0 /home/prapor/AVR/avr-gcc-11.1.0-x64-linux/bin/../lib/gcc/avr/11.1.0/avr5/libgcc.a(_muluhisi3.o)
 .text.libgcc   0x0000000000006448        0x0 /home/prapor/AVR/avr-gcc-11.1.0-x64-linux/bin/../lib/gcc/avr/11.1.0/avr5/libgcc.a(_muluhisi3.o)
 .text.libgcc.prologue
                0x0000000000006448        0x0 /home/prapor/AVR/avr-gcc-11.1.0-x64-linux/bin/../lib/gcc/avr/11.1.0/avr5/libgcc.a(_muluhisi3.o)
 .text.libgcc.builtins
                0x0000000000006448        0x0 /home/prapor/AVR/avr-gcc-11.1.0-x64-linux/bin/../lib/gcc/avr/11.1.0/avr5/libgcc.a(_muluhisi3.o)
 .text.libgcc.fmul
                0x0000000000006448        0x0 /home/prapor/AVR/avr-gcc-11.1.0-x64-linux/bin/../lib/gcc/avr/11.1.0/avr5/libgcc.a(_muluhisi3.o)
 .text.libgcc.fixed
                0x0000000000006448        0x0 /home/prapor/AVR/avr-gcc-11.1.0-x64-linux/bin/../lib/gcc/avr/11.1.0/avr5/libgcc.a(_muluhisi3.o)
 .text.libgcc.mul
                0x0000000000006448        0x0 /home/prapor/AVR/avr-gcc-11.1.0-x64-linux/bin/../lib/gcc/avr/11.1.0/avr5/libgcc.a(_prologue.o)
 .text.libgcc.div
                0x0000000000006448        0x0 /home/prapor/AVR/avr-gcc-11.1.0-x64-linux/bin/../lib/gcc/avr/11.1.0/avr5/libgcc.a(_prologue.o)
 .text.libgcc   0x0000000000006448        0x0 /home/prapor/AVR/avr-gcc-11.1.0-x64-linux/bin/../lib/gcc/avr/11.1.0/avr5/libgcc.a(_prologue.o)
 .text.libgcc.prologue
                0x0000000000006448       0x38 /home/prapor/AVR/avr-gcc-11.1.0-x64-linux/bin/../lib/gcc/avr/11.1.0/avr5/libgcc.a(_prologue.o)
                0x0000000000006448                __prologue_saves__
 .text.libgcc.builtins
                0x0000000000006480        0x0 /home/prapor/AVR/avr-gcc-11.1.0-x64-linux/bin/../lib/gcc/avr/11.1.0/avr5/libgcc.a(_prologue.o)
 .text.libgcc.fmul
                0x0000000000006480        0x0 /home/prapor/AVR/avr-gcc-11.1.0-x64-linux/bin/../lib/gcc/avr/11.1.0/avr5/libgcc.a(_prologue.o)
 .text.libgcc.fixed
                0x0000000000006480        0x0 /home/prapor/AVR/avr-gcc-11.1.0-x64-linux/bin/../lib/gcc/avr/11.1.0/avr5/libgcc.a(_prologue.o)
 .text.libgcc.mul
                0x0000000000006480        0x0 /home/prapor/AVR/avr-gcc-11.1.0-x64-linux/bin/../lib/gcc/avr/11.1.0/avr5/libgcc.a(_epilogue.o)
 .text.libgcc.div
                0x0000000000006480        0x0 /home/prapor/AVR/avr-gcc-11.1.0-x64-linux/bin/../lib/gcc/avr/11.1.0/avr5/libgcc.a(_epilogue.o)
 .text.libgcc   0x0000000000006480        0x0 /home/prapor/AVR/avr-gcc-11.1.0-x64-linux/bin/../lib/gcc/avr/11.1.0/avr5/libgcc.a(_epilogue.o)
 .text.libgcc.prologue
                0x0000000000006480       0x36 /home/prapor/AVR/avr-gcc-11.1.0-x64-linux/bin/../lib/gcc/avr/11.1.0/avr5/libgcc.a(_epilogue.o)
                0x0000000000006480                __epilogue_restores__
 .text.libgcc.builtins
                0x00000000000064b6        0x0 /home/prapor/AVR/avr-gcc-11.1.0-x64-linux/bin/../lib/gcc/avr/11.1.0/avr5/libgcc.a(_epilogue.o)
 .text.libgcc.fmul
                0x00000000000064b6        0x0 /home/prapor/AVR/avr-gcc-11.1.0-x64-linux/bin/../lib/gcc/avr/11.1.0/avr5/libgcc.a(_epilogue.o)
 .text.libgcc.fixed
                0x00000000000064b6        0x0 /home/prapor/AVR/avr-gcc-11.1.0-x64-linux/bin/../lib/gcc/avr/11.1.0/avr5/libgcc.a(_epilogue.o)
                0x00000000000064b6                . = ALIGN (0x2)
 *(.fini9)
 .fini9         0x00000000000064b6        0x0 /home/prapor/AVR/avr-gcc-11.1.0-x64-linux/bin/../lib/gcc/avr/11.1.0/avr5/libgcc.a(_exit.o)
                0x00000000000064b6                exit
                0x00000000000064b6                _exit
 *(.fini9)
 *(.fini8)
 *(.fini8)
 *(.fini7)
 *(.fini7)
 *(.fini6)
 *(.fini6)
 *(.fini5)
 *(.fini5)
 *(.fini4)
 *(.fini4)
 *(.fini3)
 *(.fini3)
 *(.fini2)
 *(.fini2)
 *(.fini1)
 *(.fini1)
 *(.fini0)
 .fini0         0x00000000000064b6        0x4 /home/prapor/AVR/avr-gcc-11.1.0-x64-linux/bin/../lib/gcc/avr/11.1.0/avr5/libgcc.a(_exit.o)
 *(.fini0)
 *(.hightext)
 *(.hightext*)
 *(.progmemx.*)
                0x00000000000064ba                . = ALIGN (0x2)
 *(.jumptables)
 *(.jumptables*)
 .jumptables.gcc.analogRead
                0x00000000000064ba       0x12 obj/Release/ADC.o
 .jumptables.gcc.get_message_from_mdm
                0x00000000000064cc        0xe obj/Release/GSM.o
                0x00000000000064da                _etext = .

.data           0x0000000000800100      0x210 load address 0x00000000000064da
                0x0000000000800100                PROVIDE (__data_start = .)
 *(.data)
 .data          0x0000000000800100        0x0 /home/prapor/AVR/avr-gcc-11.1.0-x64-linux/bin/../lib/gcc/avr/11.1.0/../../../../avr/lib/avr5/crtatmega328p.o
 .data          0x0000000000800100        0x2 obj/Release/ADC.o
 .data          0x0000000000800102        0x0 obj/Release/app.o
 .data          0x0000000000800102        0x0 obj/Release/ds18b20.o
 .data          0x0000000000800102        0x0 obj/Release/eeprom.o
 .data          0x0000000000800102        0x1 obj/Release/GSM.o
 .data          0x0000000000800103        0x0 obj/Release/main.o
 .data          0x0000000000800103        0x0 obj/Release/port.o
 .data          0x0000000000800103        0x0 obj/Release/sms_parse.o
 .data          0x0000000000800103        0x0 obj/Release/softuart.o
 .data          0x0000000000800103        0x1 obj/Release/su_openwrt.o
 .data          0x0000000000800104        0x2 obj/Release/timer.o
 .data          0x0000000000800106        0x0 obj/Release/UART.o
 .data          0x0000000000800106        0x0 /home/prapor/AVR/avr-gcc-11.1.0-x64-linux/bin/../lib/gcc/avr/11.1.0/avr5/libgcc.a(_udivmodhi4.o)
 .data          0x0000000000800106        0x0 /home/prapor/AVR/avr-gcc-11.1.0-x64-linux/bin/../lib/gcc/avr/11.1.0/avr5/libgcc.a(_udivmodsi4.o)
 .data          0x0000000000800106        0x0 /home/prapor/AVR/avr-gcc-11.1.0-x64-linux/bin/../lib/gcc/avr/11.1.0/avr5/libgcc.a(_exit.o)
 .data          0x0000000000800106        0x0 /home/prapor/AVR/avr-gcc-11.1.0-x64-linux/bin/../lib/gcc/avr/11.1.0/avr5/libgcc.a(_tablejump2.o)
 .data          0x0000000000800106        0x0 /home/prapor/AVR/avr-gcc-11.1.0-x64-linux/bin/../lib/gcc/avr/11.1.0/avr5/libgcc.a(_copy_data.o)
 .data          0x0000000000800106        0x0 /home/prapor/AVR/avr-gcc-11.1.0-x64-linux/bin/../lib/gcc/avr/11.1.0/avr5/libgcc.a(_clear_bss.o)
 .data          0x0000000000800106        0x0 /home/prapor/AVR/avr-gcc-11.1.0-x64-linux/bin/../lib/gcc/avr/11.1.0/avr5/libgcc.a(_umulhisi3.o)
 .data          0x0000000000800106        0x0 /home/prapor/AVR/avr-gcc-11.1.0-x64-linux/bin/../lib/gcc/avr/11.1.0/../../../../avr/lib/avr5/libm.a(fixsfsi.o)
 .data          0x0000000000800106        0x0 /home/prapor/AVR/avr-gcc-11.1.0-x64-linux/bin/../lib/gcc/avr/11.1.0/../../../../avr/lib/avr5/libm.a(fixunssfsi.o)
 .data          0x0000000000800106        0x0 /home/prapor/AVR/avr-gcc-11.1.0-x64-linux/bin/../lib/gcc/avr/11.1.0/../../../../avr/lib/avr5/libm.a(floatsisf.o)
 .data          0x0000000000800106        0x0 /home/prapor/AVR/avr-gcc-11.1.0-x64-linux/bin/../lib/gcc/avr/11.1.0/../../../../avr/lib/avr5/libm.a(fp_split3.o)
 .data          0x0000000000800106        0x0 /home/prapor/AVR/avr-gcc-11.1.0-x64-linux/bin/../lib/gcc/avr/11.1.0/../../../../avr/lib/avr5/libm.a(fp_zero.o)
 .data          0x0000000000800106        0x0 /home/prapor/AVR/avr-gcc-11.1.0-x64-linux/bin/../lib/gcc/avr/11.1.0/../../../../avr/lib/avr5/libm.a(mulsf3.o)
 .data          0x0000000000800106        0x0 /home/prapor/AVR/avr-gcc-11.1.0-x64-linux/bin/../lib/gcc/avr/11.1.0/../../../../avr/lib/avr5/libm.a(mulsf3x.o)
 .data          0x0000000000800106        0x0 /home/prapor/AVR/avr-gcc-11.1.0-x64-linux/bin/../lib/gcc/avr/11.1.0/../../../../avr/lib/avr5/libm.a(fp_inf.o)
 .data          0x0000000000800106        0x0 /home/prapor/AVR/avr-gcc-11.1.0-x64-linux/bin/../lib/gcc/avr/11.1.0/../../../../avr/lib/avr5/libm.a(fp_nan.o)
 .data          0x0000000000800106        0x0 /home/prapor/AVR/avr-gcc-11.1.0-x64-linux/bin/../lib/gcc/avr/11.1.0/../../../../avr/lib/avr5/libm.a(fp_pscA.o)
 .data          0x0000000000800106        0x0 /home/prapor/AVR/avr-gcc-11.1.0-x64-linux/bin/../lib/gcc/avr/11.1.0/../../../../avr/lib/avr5/libm.a(fp_pscB.o)
 .data          0x0000000000800106        0x0 /home/prapor/AVR/avr-gcc-11.1.0-x64-linux/bin/../lib/gcc/avr/11.1.0/../../../../avr/lib/avr5/libm.a(fp_round.o)
 .data          0x0000000000800106        0x6 /home/prapor/AVR/avr-gcc-11.1.0-x64-linux/bin/../lib/gcc/avr/11.1.0/../../../../avr/lib/avr5/libc.a(malloc.o)
                0x0000000000800106                __malloc_heap_end
                0x0000000000800108                __malloc_heap_start
                0x000000000080010a                __malloc_margin
 .data          0x000000000080010c        0x0 /home/prapor/AVR/avr-gcc-11.1.0-x64-linux/bin/../lib/gcc/avr/11.1.0/../../../../avr/lib/avr5/libc.a(strtoul.o)
 .data          0x000000000080010c        0x0 /home/prapor/AVR/avr-gcc-11.1.0-x64-linux/bin/../lib/gcc/avr/11.1.0/../../../../avr/lib/avr5/libc.a(atoi.o)
 .data          0x000000000080010c        0x0 /home/prapor/AVR/avr-gcc-11.1.0-x64-linux/bin/../lib/gcc/avr/11.1.0/../../../../avr/lib/avr5/libc.a(isspace.o)
 .data          0x000000000080010c        0x0 /home/prapor/AVR/avr-gcc-11.1.0-x64-linux/bin/../lib/gcc/avr/11.1.0/../../../../avr/lib/avr5/libc.a(memcmp_P.o)
 .data          0x000000000080010c        0x0 /home/prapor/AVR/avr-gcc-11.1.0-x64-linux/bin/../lib/gcc/avr/11.1.0/../../../../avr/lib/avr5/libc.a(memcpy_P.o)
 .data          0x000000000080010c        0x0 /home/prapor/AVR/avr-gcc-11.1.0-x64-linux/bin/../lib/gcc/avr/11.1.0/../../../../avr/lib/avr5/libc.a(strstr_P.o)
 .data          0x000000000080010c        0x0 /home/prapor/AVR/avr-gcc-11.1.0-x64-linux/bin/../lib/gcc/avr/11.1.0/../../../../avr/lib/avr5/libc.a(strtok.o)
 .data          0x000000000080010c        0x0 /home/prapor/AVR/avr-gcc-11.1.0-x64-linux/bin/../lib/gcc/avr/11.1.0/../../../../avr/lib/avr5/libc.a(memcmp.o)
 .data          0x000000000080010c        0x0 /home/prapor/AVR/avr-gcc-11.1.0-x64-linux/bin/../lib/gcc/avr/11.1.0/../../../../avr/lib/avr5/libc.a(memmove.o)
 .data          0x000000000080010c        0x0 /home/prapor/AVR/avr-gcc-11.1.0-x64-linux/bin/../lib/gcc/avr/11.1.0/../../../../avr/lib/avr5/libc.a(memset.o)
 .data          0x000000000080010c        0x0 /home/prapor/AVR/avr-gcc-11.1.0-x64-linux/bin/../lib/gcc/avr/11.1.0/../../../../avr/lib/avr5/libc.a(strchr.o)
 .data          0x000000000080010c        0x0 /home/prapor/AVR/avr-gcc-11.1.0-x64-linux/bin/../lib/gcc/avr/11.1.0/../../../../avr/lib/avr5/libc.a(strstr.o)
 .data          0x000000000080010c        0x0 /home/prapor/AVR/avr-gcc-11.1.0-x64-linux/bin/../lib/gcc/avr/11.1.0/../../../../avr/lib/avr5/libc.a(strtok_r.o)
 .data          0x000000000080010c        0x0 /home/prapor/AVR/avr-gcc-11.1.0-x64-linux/bin/../lib/gcc/avr/11.1.0/../../../../avr/lib/avr5/libc.a(itoa_ncheck.o)
 .data          0x000000000080010c        0x0 /home/prapor/AVR/avr-gcc-11.1.0-x64-linux/bin/../lib/gcc/avr/11.1.0/../../../../avr/lib/avr5/libc.a(mul10.o)
 .data          0x000000000080010c        0x0 /home/prapor/AVR/avr-gcc-11.1.0-x64-linux/bin/../lib/gcc/avr/11.1.0/../../../../avr/lib/avr5/libc.a(utoa_ncheck.o)
 .data          0x000000000080010c        0x0 /home/prapor/AVR/avr-gcc-11.1.0-x64-linux/bin/../lib/gcc/avr/11.1.0/../../../../avr/lib/avr5/libc.a(sprintf_p.o)
 .data          0x000000000080010c        0x0 /home/prapor/AVR/avr-gcc-11.1.0-x64-linux/bin/../lib/gcc/avr/11.1.0/../../../../avr/lib/avr5/libc.a(vfprintf_std.o)
 .data          0x000000000080010c        0x0 /home/prapor/AVR/avr-gcc-11.1.0-x64-linux/bin/../lib/gcc/avr/11.1.0/../../../../avr/lib/avr5/libc.a(errno.o)
 .data          0x000000000080010c        0x0 /home/prapor/AVR/avr-gcc-11.1.0-x64-linux/bin/../lib/gcc/avr/11.1.0/../../../../avr/lib/avr5/libc.a(cty_isfalse.o)
 .data          0x000000000080010c        0x0 /home/prapor/AVR/avr-gcc-11.1.0-x64-linux/bin/../lib/gcc/avr/11.1.0/../../../../avr/lib/avr5/libc.a(strnlen_P.o)
 .data          0x000000000080010c        0x0 /home/prapor/AVR/avr-gcc-11.1.0-x64-linux/bin/../lib/gcc/avr/11.1.0/../../../../avr/lib/avr5/libc.a(memcpy.o)
 .data          0x000000000080010c        0x0 /home/prapor/AVR/avr-gcc-11.1.0-x64-linux/bin/../lib/gcc/avr/11.1.0/../../../../avr/lib/avr5/libc.a(strnlen.o)
 .data          0x000000000080010c        0x0 /home/prapor/AVR/avr-gcc-11.1.0-x64-linux/bin/../lib/gcc/avr/11.1.0/../../../../avr/lib/avr5/libc.a(strrev.o)
 .data          0x000000000080010c        0x0 /home/prapor/AVR/avr-gcc-11.1.0-x64-linux/bin/../lib/gcc/avr/11.1.0/../../../../avr/lib/avr5/libc.a(fputc.o)
 .data          0x000000000080010c        0x0 /home/prapor/AVR/avr-gcc-11.1.0-x64-linux/bin/../lib/gcc/avr/11.1.0/../../../../avr/lib/avr5/libc.a(ultoa_invert.o)
 .data          0x000000000080010c        0x0 /home/prapor/AVR/avr-gcc-11.1.0-x64-linux/bin/../lib/gcc/avr/11.1.0/../../../../avr/lib/avr5/libatmega328p.a(eerd_block.o)
 .data          0x000000000080010c        0x0 /home/prapor/AVR/avr-gcc-11.1.0-x64-linux/bin/../lib/gcc/avr/11.1.0/../../../../avr/lib/avr5/libatmega328p.a(eeupd_block.o)
 .data          0x000000000080010c        0x0 /home/prapor/AVR/avr-gcc-11.1.0-x64-linux/bin/../lib/gcc/avr/11.1.0/../../../../avr/lib/avr5/libatmega328p.a(eeupd_byte.o)
 .data          0x000000000080010c        0x0 /home/prapor/AVR/avr-gcc-11.1.0-x64-linux/bin/../lib/gcc/avr/11.1.0/../../../../avr/lib/avr5/libatmega328p.a(eewr_block.o)
 .data          0x000000000080010c        0x0 /home/prapor/AVR/avr-gcc-11.1.0-x64-linux/bin/../lib/gcc/avr/11.1.0/../../../../avr/lib/avr5/libatmega328p.a(eewr_byte.o)
 .data          0x000000000080010c        0x0 /home/prapor/AVR/avr-gcc-11.1.0-x64-linux/bin/../lib/gcc/avr/11.1.0/avr5/libgcc.a(_mulsi3.o)
 .data          0x000000000080010c        0x0 /home/prapor/AVR/avr-gcc-11.1.0-x64-linux/bin/../lib/gcc/avr/11.1.0/avr5/libgcc.a(_muluhisi3.o)
 .data          0x000000000080010c        0x0 /home/prapor/AVR/avr-gcc-11.1.0-x64-linux/bin/../lib/gcc/avr/11.1.0/avr5/libgcc.a(_prologue.o)
 .data          0x000000000080010c        0x0 /home/prapor/AVR/avr-gcc-11.1.0-x64-linux/bin/../lib/gcc/avr/11.1.0/avr5/libgcc.a(_epilogue.o)
 *(.data*)
 *(.gnu.linkonce.d*)
 *(.rodata)
 .rodata        0x000000000080010c        0x8 obj/Release/GSM.o
 .rodata        0x0000000000800114      0x100 obj/Release/su_openwrt.o
                0x0000000000800114                Crc8Table
 *(.rodata*)
 .rodata.str1.1
                0x0000000000800214       0x2d obj/Release/ADC.o
 .rodata.str1.1
                0x0000000000800241       0x6b obj/Release/app.o
 .rodata.str1.1
                0x00000000008002ac       0x52 obj/Release/GSM.o
                                         0x60 (size before relaxing)
 .rodata.str1.1
                0x00000000008002fe        0xf obj/Release/sms_parse.o
 .rodata.str1.1
                0x000000000080030d        0x3 obj/Release/softuart.o
 *(.gnu.linkonce.r*)
                0x0000000000800310                . = ALIGN (0x2)
                0x0000000000800310                _edata = .
                0x0000000000800310                PROVIDE (__data_end = .)

.bss            0x0000000000800310      0x3ad
                0x0000000000800310                PROVIDE (__bss_start = .)
 *(.bss)
 .bss           0x0000000000800310        0x0 /home/prapor/AVR/avr-gcc-11.1.0-x64-linux/bin/../lib/gcc/avr/11.1.0/../../../../avr/lib/avr5/crtatmega328p.o
 .bss           0x0000000000800310       0x1a obj/Release/ADC.o
                0x0000000000800310                ADC_SINGLE_INIT
 .bss           0x000000000080032a       0x21 obj/Release/app.o
 .bss           0x000000000080034b       0x16 obj/Release/ds18b20.o
 .bss           0x0000000000800361       0x5e obj/Release/eeprom.o
                0x0000000000800361                config
 .bss           0x00000000008003bf      0x179 obj/Release/GSM.o
 .bss           0x0000000000800538        0x0 obj/Release/main.o
 .bss           0x0000000000800538        0x8 obj/Release/port.o
 .bss           0x0000000000800540        0x0 obj/Release/sms_parse.o
 .bss           0x0000000000800540       0x2e obj/Release/softuart.o
 .bss           0x000000000080056e       0x2a obj/Release/su_openwrt.o
 .bss           0x0000000000800598       0x1b obj/Release/timer.o
 .bss           0x00000000008005b3      0x102 obj/Release/UART.o
 .bss           0x00000000008006b5        0x0 /home/prapor/AVR/avr-gcc-11.1.0-x64-linux/bin/../lib/gcc/avr/11.1.0/avr5/libgcc.a(_udivmodhi4.o)
 .bss           0x00000000008006b5        0x0 /home/prapor/AVR/avr-gcc-11.1.0-x64-linux/bin/../lib/gcc/avr/11.1.0/avr5/libgcc.a(_udivmodsi4.o)
 .bss           0x00000000008006b5        0x0 /home/prapor/AVR/avr-gcc-11.1.0-x64-linux/bin/../lib/gcc/avr/11.1.0/avr5/libgcc.a(_exit.o)
 .bss           0x00000000008006b5        0x0 /home/prapor/AVR/avr-gcc-11.1.0-x64-linux/bin/../lib/gcc/avr/11.1.0/avr5/libgcc.a(_tablejump2.o)
 .bss           0x00000000008006b5        0x0 /home/prapor/AVR/avr-gcc-11.1.0-x64-linux/bin/../lib/gcc/avr/11.1.0/avr5/libgcc.a(_copy_data.o)
 .bss           0x00000000008006b5        0x0 /home/prapor/AVR/avr-gcc-11.1.0-x64-linux/bin/../lib/gcc/avr/11.1.0/avr5/libgcc.a(_clear_bss.o)
 .bss           0x00000000008006b5        0x0 /home/prapor/AVR/avr-gcc-11.1.0-x64-linux/bin/../lib/gcc/avr/11.1.0/avr5/libgcc.a(_umulhisi3.o)
 .bss           0x00000000008006b5        0x0 /home/prapor/AVR/avr-gcc-11.1.0-x64-linux/bin/../lib/gcc/avr/11.1.0/../../../../avr/lib/avr5/libm.a(fixsfsi.o)
 .bss           0x00000000008006b5        0x0 /home/prapor/AVR/avr-gcc-11.1.0-x64-linux/bin/../lib/gcc/avr/11.1.0/../../../../avr/lib/avr5/libm.a(fixunssfsi.o)
 .bss           0x00000000008006b5        0x0 /home/prapor/AVR/avr-gcc-11.1.0-x64-linux/bin/../lib/gcc/avr/11.1.0/../../../../avr/lib/avr5/libm.a(floatsisf.o)
 .bss           0x00000000008006b5        0x0 /home/prapor/AVR/avr-gcc-11.1.0-x64-linux/bin/../lib/gcc/avr/11.1.0/../../../../avr/lib/avr5/libm.a(fp_split3.o)
 .bss           0x00000000008006b5        0x0 /home/prapor/AVR/avr-gcc-11.1.0-x64-linux/bin/../lib/gcc/avr/11.1.0/../../../../avr/lib/avr5/libm.a(fp_zero.o)
 .bss           0x00000000008006b5        0x0 /home/prapor/AVR/avr-gcc-11.1.0-x64-linux/bin/../lib/gcc/avr/11.1.0/../../../../avr/lib/avr5/libm.a(mulsf3.o)
 .bss           0x00000000008006b5        0x0 /home/prapor/AVR/avr-gcc-11.1.0-x64-linux/bin/../lib/gcc/avr/11.1.0/../../../../avr/lib/avr5/libm.a(mulsf3x.o)
 .bss           0x00000000008006b5        0x0 /home/prapor/AVR/avr-gcc-11.1.0-x64-linux/bin/../lib/gcc/avr/11.1.0/../../../../avr/lib/avr5/libm.a(fp_inf.o)
 .bss           0x00000000008006b5        0x0 /home/prapor/AVR/avr-gcc-11.1.0-x64-linux/bin/../lib/gcc/avr/11.1.0/../../../../avr/lib/avr5/libm.a(fp_nan.o)
 .bss           0x00000000008006b5        0x0 /home/prapor/AVR/avr-gcc-11.1.0-x64-linux/bin/../lib/gcc/avr/11.1.0/../../../../avr/lib/avr5/libm.a(fp_pscA.o)
 .bss           0x00000000008006b5        0x0 /home/prapor/AVR/avr-gcc-11.1.0-x64-linux/bin/../lib/gcc/avr/11.1.0/../../../../avr/lib/avr5/libm.a(fp_pscB.o)
 .bss           0x00000000008006b5        0x0 /home/prapor/AVR/avr-gcc-11.1.0-x64-linux/bin/../lib/gcc/avr/11.1.0/../../../../avr/lib/avr5/libm.a(fp_round.o)
 .bss           0x00000000008006b5        0x4 /home/prapor/AVR/avr-gcc-11.1.0-x64-linux/bin/../lib/gcc/avr/11.1.0/../../../../avr/lib/avr5/libc.a(malloc.o)
                0x00000000008006b5                __flp
                0x00000000008006b7                __brkval
 .bss           0x00000000008006b9        0x0 /home/prapor/AVR/avr-gcc-11.1.0-x64-linux/bin/../lib/gcc/avr/11.1.0/../../../../avr/lib/avr5/libc.a(strtoul.o)
 .bss           0x00000000008006b9        0x0 /home/prapor/AVR/avr-gcc-11.1.0-x64-linux/bin/../lib/gcc/avr/11.1.0/../../../../avr/lib/avr5/libc.a(atoi.o)
 .bss           0x00000000008006b9        0x0 /home/prapor/AVR/avr-gcc-11.1.0-x64-linux/bin/../lib/gcc/avr/11.1.0/../../../../avr/lib/avr5/libc.a(isspace.o)
 .bss           0x00000000008006b9        0x0 /home/prapor/AVR/avr-gcc-11.1.0-x64-linux/bin/../lib/gcc/avr/11.1.0/../../../../avr/lib/avr5/libc.a(memcmp_P.o)
 .bss           0x00000000008006b9        0x0 /home/prapor/AVR/avr-gcc-11.1.0-x64-linux/bin/../lib/gcc/avr/11.1.0/../../../../avr/lib/avr5/libc.a(memcpy_P.o)
 .bss           0x00000000008006b9        0x0 /home/prapor/AVR/avr-gcc-11.1.0-x64-linux/bin/../lib/gcc/avr/11.1.0/../../../../avr/lib/avr5/libc.a(strstr_P.o)
 .bss           0x00000000008006b9        0x2 /home/prapor/AVR/avr-gcc-11.1.0-x64-linux/bin/../lib/gcc/avr/11.1.0/../../../../avr/lib/avr5/libc.a(strtok.o)
 .bss           0x00000000008006bb        0x0 /home/prapor/AVR/avr-gcc-11.1.0-x64-linux/bin/../lib/gcc/avr/11.1.0/../../../../avr/lib/avr5/libc.a(memcmp.o)
 .bss           0x00000000008006bb        0x0 /home/prapor/AVR/avr-gcc-11.1.0-x64-linux/bin/../lib/gcc/avr/11.1.0/../../../../avr/lib/avr5/libc.a(memmove.o)
 .bss           0x00000000008006bb        0x0 /home/prapor/AVR/avr-gcc-11.1.0-x64-linux/bin/../lib/gcc/avr/11.1.0/../../../../avr/lib/avr5/libc.a(memset.o)
 .bss           0x00000000008006bb        0x0 /home/prapor/AVR/avr-gcc-11.1.0-x64-linux/bin/../lib/gcc/avr/11.1.0/../../../../avr/lib/avr5/libc.a(strchr.o)
 .bss           0x00000000008006bb        0x0 /home/prapor/AVR/avr-gcc-11.1.0-x64-linux/bin/../lib/gcc/avr/11.1.0/../../../../avr/lib/avr5/libc.a(strstr.o)
 .bss           0x00000000008006bb        0x0 /home/prapor/AVR/avr-gcc-11.1.0-x64-linux/bin/../lib/gcc/avr/11.1.0/../../../../avr/lib/avr5/libc.a(strtok_r.o)
 .bss           0x00000000008006bb        0x0 /home/prapor/AVR/avr-gcc-11.1.0-x64-linux/bin/../lib/gcc/avr/11.1.0/../../../../avr/lib/avr5/libc.a(itoa_ncheck.o)
 .bss           0x00000000008006bb        0x0 /home/prapor/AVR/avr-gcc-11.1.0-x64-linux/bin/../lib/gcc/avr/11.1.0/../../../../avr/lib/avr5/libc.a(mul10.o)
 .bss           0x00000000008006bb        0x0 /home/prapor/AVR/avr-gcc-11.1.0-x64-linux/bin/../lib/gcc/avr/11.1.0/../../../../avr/lib/avr5/libc.a(utoa_ncheck.o)
 .bss           0x00000000008006bb        0x0 /home/prapor/AVR/avr-gcc-11.1.0-x64-linux/bin/../lib/gcc/avr/11.1.0/../../../../avr/lib/avr5/libc.a(sprintf_p.o)
 .bss           0x00000000008006bb        0x0 /home/prapor/AVR/avr-gcc-11.1.0-x64-linux/bin/../lib/gcc/avr/11.1.0/../../../../avr/lib/avr5/libc.a(vfprintf_std.o)
 .bss           0x00000000008006bb        0x2 /home/prapor/AVR/avr-gcc-11.1.0-x64-linux/bin/../lib/gcc/avr/11.1.0/../../../../avr/lib/avr5/libc.a(errno.o)
                0x00000000008006bb                errno
 .bss           0x00000000008006bd        0x0 /home/prapor/AVR/avr-gcc-11.1.0-x64-linux/bin/../lib/gcc/avr/11.1.0/../../../../avr/lib/avr5/libc.a(cty_isfalse.o)
 .bss           0x00000000008006bd        0x0 /home/prapor/AVR/avr-gcc-11.1.0-x64-linux/bin/../lib/gcc/avr/11.1.0/../../../../avr/lib/avr5/libc.a(strnlen_P.o)
 .bss           0x00000000008006bd        0x0 /home/prapor/AVR/avr-gcc-11.1.0-x64-linux/bin/../lib/gcc/avr/11.1.0/../../../../avr/lib/avr5/libc.a(memcpy.o)
 .bss           0x00000000008006bd        0x0 /home/prapor/AVR/avr-gcc-11.1.0-x64-linux/bin/../lib/gcc/avr/11.1.0/../../../../avr/lib/avr5/libc.a(strnlen.o)
 .bss           0x00000000008006bd        0x0 /home/prapor/AVR/avr-gcc-11.1.0-x64-linux/bin/../lib/gcc/avr/11.1.0/../../../../avr/lib/avr5/libc.a(strrev.o)
 .bss           0x00000000008006bd        0x0 /home/prapor/AVR/avr-gcc-11.1.0-x64-linux/bin/../lib/gcc/avr/11.1.0/../../../../avr/lib/avr5/libc.a(fputc.o)
 .bss           0x00000000008006bd        0x0 /home/prapor/AVR/avr-gcc-11.1.0-x64-linux/bin/../lib/gcc/avr/11.1.0/../../../../avr/lib/avr5/libc.a(ultoa_invert.o)
 .bss           0x00000000008006bd        0x0 /home/prapor/AVR/avr-gcc-11.1.0-x64-linux/bin/../lib/gcc/avr/11.1.0/../../../../avr/lib/avr5/libatmega328p.a(eerd_block.o)
 .bss           0x00000000008006bd        0x0 /home/prapor/AVR/avr-gcc-11.1.0-x64-linux/bin/../lib/gcc/avr/11.1.0/../../../../avr/lib/avr5/libatmega328p.a(eeupd_block.o)
 .bss           0x00000000008006bd        0x0 /home/prapor/AVR/avr-gcc-11.1.0-x64-linux/bin/../lib/gcc/avr/11.1.0/../../../../avr/lib/avr5/libatmega328p.a(eeupd_byte.o)
 .bss           0x00000000008006bd        0x0 /home/prapor/AVR/avr-gcc-11.1.0-x64-linux/bin/../lib/gcc/avr/11.1.0/../../../../avr/lib/avr5/libatmega328p.a(eewr_block.o)
 .bss           0x00000000008006bd        0x0 /home/prapor/AVR/avr-gcc-11.1.0-x64-linux/bin/../lib/gcc/avr/11.1.0/../../../../avr/lib/avr5/libatmega328p.a(eewr_byte.o)
 .bss           0x00000000008006bd        0x0 /home/prapor/AVR/avr-gcc-11.1.0-x64-linux/bin/../lib/gcc/avr/11.1.0/avr5/libgcc.a(_mulsi3.o)
 .bss           0x00000000008006bd        0x0 /home/prapor/AVR/avr-gcc-11.1.0-x64-linux/bin/../lib/gcc/avr/11.1.0/avr5/libgcc.a(_muluhisi3.o)
 .bss           0x00000000008006bd        0x0 /home/prapor/AVR/avr-gcc-11.1.0-x64-linux/bin/../lib/gcc/avr/11.1.0/avr5/libgcc.a(_prologue.o)
 .bss           0x00000000008006bd        0x0 /home/prapor/AVR/avr-gcc-11.1.0-x64-linux/bin/../lib/gcc/avr/11.1.0/avr5/libgcc.a(_epilogue.o)
 *(.bss*)
 *(COMMON)
                0x00000000008006bd                PROVIDE (__bss_end = .)
                0x00000000000064da                __data_load_start = LOADADDR (.data)
                0x00000000000066ea                __data_load_end = (__data_load_start + SIZEOF (.data))

.noinit         0x00000000008006bd        0x0
                [!provide]                        PROVIDE (__noinit_start = .)
 *(.noinit .noinit.* .gnu.linkonce.n.*)
                [!provide]                        PROVIDE (__noinit_end = .)
                0x00000000008006bd                _end = .
                0x00000000008006bd                PROVIDE (__heap_start = .)

.eeprom         0x0000000000810000        0x0
 *(.eeprom*)
                0x0000000000810000                __eeprom_end = .

.fuse
 *(.fuse)
 *(.lfuse)
 *(.hfuse)
 *(.efuse)

.lock
 *(.lock*)

.signature
 *(.signature*)

.stab
 *(.stab)

.stabstr
 *(.stabstr)

.stab.excl
 *(.stab.excl)

.stab.exclstr
 *(.stab.exclstr)

.stab.index
 *(.stab.index)

.stab.indexstr
 *(.stab.indexstr)

.comment        0x0000000000000000       0x12
 *(.comment)
 .comment       0x0000000000000000       0x12 obj/Release/ADC.o
                                         0x13 (size before relaxing)
 .comment       0x0000000000000012       0x13 obj/Release/app.o
 .comment       0x0000000000000012       0x13 obj/Release/ds18b20.o
 .comment       0x0000000000000012       0x13 obj/Release/eeprom.o
 .comment       0x0000000000000012       0x13 obj/Release/GSM.o
 .comment       0x0000000000000012       0x13 obj/Release/main.o
 .comment       0x0000000000000012       0x13 obj/Release/port.o
 .comment       0x0000000000000012       0x13 obj/Release/sms_parse.o
 .comment       0x0000000000000012       0x13 obj/Release/softuart.o
 .comment       0x0000000000000012       0x13 obj/Release/su_openwrt.o
 .comment       0x0000000000000012       0x13 obj/Release/timer.o
 .comment       0x0000000000000012       0x13 obj/Release/UART.o
 .comment       0x0000000000000012       0x13 /home/prapor/AVR/avr-gcc-11.1.0-x64-linux/bin/../lib/gcc/avr/11.1.0/../../../../avr/lib/avr5/libc.a(malloc.o)
 .comment       0x0000000000000012       0x13 /home/prapor/AVR/avr-gcc-11.1.0-x64-linux/bin/../lib/gcc/avr/11.1.0/../../../../avr/lib/avr5/libc.a(strtoul.o)
 .comment       0x0000000000000012       0x13 /home/prapor/AVR/avr-gcc-11.1.0-x64-linux/bin/../lib/gcc/avr/11.1.0/../../../../avr/lib/avr5/libc.a(strtok.o)
 .comment       0x0000000000000012       0x13 /home/prapor/AVR/avr-gcc-11.1.0-x64-linux/bin/../lib/gcc/avr/11.1.0/../../../../avr/lib/avr5/libc.a(sprintf_p.o)
 .comment       0x0000000000000012       0x13 /home/prapor/AVR/avr-gcc-11.1.0-x64-linux/bin/../lib/gcc/avr/11.1.0/../../../../avr/lib/avr5/libc.a(vfprintf_std.o)
 .comment       0x0000000000000012       0x13 /home/prapor/AVR/avr-gcc-11.1.0-x64-linux/bin/../lib/gcc/avr/11.1.0/../../../../avr/lib/avr5/libc.a(errno.o)
 .comment       0x0000000000000012       0x13 /home/prapor/AVR/avr-gcc-11.1.0-x64-linux/bin/../lib/gcc/avr/11.1.0/../../../../avr/lib/avr5/libc.a(fputc.o)

.note.gnu.avr.deviceinfo
                0x0000000000000000       0x40
 .note.gnu.avr.deviceinfo
                0x0000000000000000       0x40 /home/prapor/AVR/avr-gcc-11.1.0-x64-linux/bin/../lib/gcc/avr/11.1.0/../../../../avr/lib/avr5/crtatmega328p.o

.note.gnu.build-id
 *(.note.gnu.build-id)

.debug
 *(.debug)

.line
 *(.line)

.debug_srcinfo
 *(.debug_srcinfo)

.debug_sfnames
 *(.debug_sfnames)

.debug_aranges  0x0000000000000000      0x160
 *(.debug_aranges)
 .debug_aranges
                0x0000000000000000       0x20 /home/prapor/AVR/avr-gcc-11.1.0-x64-linux/bin/../lib/gcc/avr/11.1.0/avr5/libgcc.a(_udivmodhi4.o)
 .debug_aranges
                0x0000000000000020       0x20 /home/prapor/AVR/avr-gcc-11.1.0-x64-linux/bin/../lib/gcc/avr/11.1.0/avr5/libgcc.a(_udivmodsi4.o)
 .debug_aranges
                0x0000000000000040       0x20 /home/prapor/AVR/avr-gcc-11.1.0-x64-linux/bin/../lib/gcc/avr/11.1.0/avr5/libgcc.a(_exit.o)
 .debug_aranges
                0x0000000000000060       0x20 /home/prapor/AVR/avr-gcc-11.1.0-x64-linux/bin/../lib/gcc/avr/11.1.0/avr5/libgcc.a(_tablejump2.o)
 .debug_aranges
                0x0000000000000080       0x20 /home/prapor/AVR/avr-gcc-11.1.0-x64-linux/bin/../lib/gcc/avr/11.1.0/avr5/libgcc.a(_copy_data.o)
 .debug_aranges
                0x00000000000000a0       0x20 /home/prapor/AVR/avr-gcc-11.1.0-x64-linux/bin/../lib/gcc/avr/11.1.0/avr5/libgcc.a(_clear_bss.o)
 .debug_aranges
                0x00000000000000c0       0x20 /home/prapor/AVR/avr-gcc-11.1.0-x64-linux/bin/../lib/gcc/avr/11.1.0/avr5/libgcc.a(_umulhisi3.o)
 .debug_aranges
                0x00000000000000e0       0x20 /home/prapor/AVR/avr-gcc-11.1.0-x64-linux/bin/../lib/gcc/avr/11.1.0/avr5/libgcc.a(_mulsi3.o)
 .debug_aranges
                0x0000000000000100       0x20 /home/prapor/AVR/avr-gcc-11.1.0-x64-linux/bin/../lib/gcc/avr/11.1.0/avr5/libgcc.a(_muluhisi3.o)
 .debug_aranges
                0x0000000000000120       0x20 /home/prapor/AVR/avr-gcc-11.1.0-x64-linux/bin/../lib/gcc/avr/11.1.0/avr5/libgcc.a(_prologue.o)
 .debug_aranges
                0x0000000000000140       0x20 /home/prapor/AVR/avr-gcc-11.1.0-x64-linux/bin/../lib/gcc/avr/11.1.0/avr5/libgcc.a(_epilogue.o)

.debug_pubnames
 *(.debug_pubnames)

.debug_info     0x0000000000000000      0x780
 *(.debug_info .gnu.linkonce.wi.*)
 .debug_info    0x0000000000000000      0x5f4 /home/prapor/AVR/avr-gcc-11.1.0-x64-linux/bin/../lib/gcc/avr/11.1.0/../../../../avr/lib/avr5/crtatmega328p.o
 .debug_info    0x00000000000005f4       0x24 /home/prapor/AVR/avr-gcc-11.1.0-x64-linux/bin/../lib/gcc/avr/11.1.0/avr5/libgcc.a(_udivmodhi4.o)
 .debug_info    0x0000000000000618       0x24 /home/prapor/AVR/avr-gcc-11.1.0-x64-linux/bin/../lib/gcc/avr/11.1.0/avr5/libgcc.a(_udivmodsi4.o)
 .debug_info    0x000000000000063c       0x24 /home/prapor/AVR/avr-gcc-11.1.0-x64-linux/bin/../lib/gcc/avr/11.1.0/avr5/libgcc.a(_exit.o)
 .debug_info    0x0000000000000660       0x24 /home/prapor/AVR/avr-gcc-11.1.0-x64-linux/bin/../lib/gcc/avr/11.1.0/avr5/libgcc.a(_tablejump2.o)
 .debug_info    0x0000000000000684       0x24 /home/prapor/AVR/avr-gcc-11.1.0-x64-linux/bin/../lib/gcc/avr/11.1.0/avr5/libgcc.a(_copy_data.o)
 .debug_info    0x00000000000006a8       0x24 /home/prapor/AVR/avr-gcc-11.1.0-x64-linux/bin/../lib/gcc/avr/11.1.0/avr5/libgcc.a(_clear_bss.o)
 .debug_info    0x00000000000006cc       0x24 /home/prapor/AVR/avr-gcc-11.1.0-x64-linux/bin/../lib/gcc/avr/11.1.0/avr5/libgcc.a(_umulhisi3.o)
 .debug_info    0x00000000000006f0       0x24 /home/prapor/AVR/avr-gcc-11.1.0-x64-linux/bin/../lib/gcc/avr/11.1.0/avr5/libgcc.a(_mulsi3.o)
 .debug_info    0x0000000000000714       0x24 /home/prapor/AVR/avr-gcc-11.1.0-x64-linux/bin/../lib/gcc/avr/11.1.0/avr5/libgcc.a(_muluhisi3.o)
 .debug_info    0x0000000000000738       0x24 /home/prapor/AVR/avr-gcc-11.1.0-x64-linux/bin/../lib/gcc/avr/11.1.0/avr5/libgcc.a(_prologue.o)
 .debug_info    0x000000000000075c       0x24 /home/prapor/AVR/avr-gcc-11.1.0-x64-linux/bin/../lib/gcc/avr/11.1.0/avr5/libgcc.a(_epilogue.o)

.debug_abbrev   0x0000000000000000      0x67e
 *(.debug_abbrev)
 .debug_abbrev  0x0000000000000000      0x5a2 /home/prapor/AVR/avr-gcc-11.1.0-x64-linux/bin/../lib/gcc/avr/11.1.0/../../../../avr/lib/avr5/crtatmega328p.o
 .debug_abbrev  0x00000000000005a2       0x14 /home/prapor/AVR/avr-gcc-11.1.0-x64-linux/bin/../lib/gcc/avr/11.1.0/avr5/libgcc.a(_udivmodhi4.o)
 .debug_abbrev  0x00000000000005b6       0x14 /home/prapor/AVR/avr-gcc-11.1.0-x64-linux/bin/../lib/gcc/avr/11.1.0/avr5/libgcc.a(_udivmodsi4.o)
 .debug_abbrev  0x00000000000005ca       0x14 /home/prapor/AVR/avr-gcc-11.1.0-x64-linux/bin/../lib/gcc/avr/11.1.0/avr5/libgcc.a(_exit.o)
 .debug_abbrev  0x00000000000005de       0x14 /home/prapor/AVR/avr-gcc-11.1.0-x64-linux/bin/../lib/gcc/avr/11.1.0/avr5/libgcc.a(_tablejump2.o)
 .debug_abbrev  0x00000000000005f2       0x14 /home/prapor/AVR/avr-gcc-11.1.0-x64-linux/bin/../lib/gcc/avr/11.1.0/avr5/libgcc.a(_copy_data.o)
 .debug_abbrev  0x0000000000000606       0x14 /home/prapor/AVR/avr-gcc-11.1.0-x64-linux/bin/../lib/gcc/avr/11.1.0/avr5/libgcc.a(_clear_bss.o)
 .debug_abbrev  0x000000000000061a       0x14 /home/prapor/AVR/avr-gcc-11.1.0-x64-linux/bin/../lib/gcc/avr/11.1.0/avr5/libgcc.a(_umulhisi3.o)
 .debug_abbrev  0x000000000000062e       0x14 /home/prapor/AVR/avr-gcc-11.1.0-x64-linux/bin/../lib/gcc/avr/11.1.0/avr5/libgcc.a(_mulsi3.o)
 .debug_abbrev  0x0000000000000642       0x14 /home/prapor/AVR/avr-gcc-11.1.0-x64-linux/bin/../lib/gcc/avr/11.1.0/avr5/libgcc.a(_muluhisi3.o)
 .debug_abbrev  0x0000000000000656       0x14 /home/prapor/AVR/avr-gcc-11.1.0-x64-linux/bin/../lib/gcc/avr/11.1.0/avr5/libgcc.a(_prologue.o)
 .debug_abbrev  0x000000000000066a       0x14 /home/prapor/AVR/avr-gcc-11.1.0-x64-linux/bin/../lib/gcc/avr/11.1.0/avr5/libgcc.a(_epilogue.o)

.debug_line     0x0000000000000000      0x734
 *(.debug_line .debug_line.* .debug_line_end)
 .debug_line    0x0000000000000000       0x1d /home/prapor/AVR/avr-gcc-11.1.0-x64-linux/bin/../lib/gcc/avr/11.1.0/../../../../avr/lib/avr5/crtatmega328p.o
 .debug_line    0x000000000000001d       0xbd /home/prapor/AVR/avr-gcc-11.1.0-x64-linux/bin/../lib/gcc/avr/11.1.0/avr5/libgcc.a(_udivmodhi4.o)
 .debug_line    0x00000000000000da      0x111 /home/prapor/AVR/avr-gcc-11.1.0-x64-linux/bin/../lib/gcc/avr/11.1.0/avr5/libgcc.a(_udivmodsi4.o)
 .debug_line    0x00000000000001eb       0x51 /home/prapor/AVR/avr-gcc-11.1.0-x64-linux/bin/../lib/gcc/avr/11.1.0/avr5/libgcc.a(_exit.o)
 .debug_line    0x000000000000023c       0x69 /home/prapor/AVR/avr-gcc-11.1.0-x64-linux/bin/../lib/gcc/avr/11.1.0/avr5/libgcc.a(_tablejump2.o)
 .debug_line    0x00000000000002a5       0x87 /home/prapor/AVR/avr-gcc-11.1.0-x64-linux/bin/../lib/gcc/avr/11.1.0/avr5/libgcc.a(_copy_data.o)
 .debug_line    0x000000000000032c       0x75 /home/prapor/AVR/avr-gcc-11.1.0-x64-linux/bin/../lib/gcc/avr/11.1.0/avr5/libgcc.a(_clear_bss.o)
 .debug_line    0x00000000000003a1       0x9f /home/prapor/AVR/avr-gcc-11.1.0-x64-linux/bin/../lib/gcc/avr/11.1.0/avr5/libgcc.a(_umulhisi3.o)
 .debug_line    0x0000000000000440       0x9f /home/prapor/AVR/avr-gcc-11.1.0-x64-linux/bin/../lib/gcc/avr/11.1.0/avr5/libgcc.a(_mulsi3.o)
 .debug_line    0x00000000000004df       0x81 /home/prapor/AVR/avr-gcc-11.1.0-x64-linux/bin/../lib/gcc/avr/11.1.0/avr5/libgcc.a(_muluhisi3.o)
 .debug_line    0x0000000000000560       0xed /home/prapor/AVR/avr-gcc-11.1.0-x64-linux/bin/../lib/gcc/avr/11.1.0/avr5/libgcc.a(_prologue.o)
 .debug_line    0x000000000000064d       0xe7 /home/prapor/AVR/avr-gcc-11.1.0-x64-linux/bin/../lib/gcc/avr/11.1.0/avr5/libgcc.a(_epilogue.o)

.debug_frame
 *(.debug_frame)

.debug_str      0x0000000000000000      0x24e
 *(.debug_str)
 .debug_str     0x0000000000000000      0x20b /home/prapor/AVR/avr-gcc-11.1.0-x64-linux/bin/../lib/gcc/avr/11.1.0/../../../../avr/lib/avr5/crtatmega328p.o
 .debug_str     0x000000000000020b       0x43 /home/prapor/AVR/avr-gcc-11.1.0-x64-linux/bin/../lib/gcc/avr/11.1.0/avr5/libgcc.a(_udivmodhi4.o)
 .debug_str     0x000000000000024e       0x43 /home/prapor/AVR/avr-gcc-11.1.0-x64-linux/bin/../lib/gcc/avr/11.1.0/avr5/libgcc.a(_udivmodsi4.o)
 .debug_str     0x000000000000024e       0x43 /home/prapor/AVR/avr-gcc-11.1.0-x64-linux/bin/../lib/gcc/avr/11.1.0/avr5/libgcc.a(_exit.o)
 .debug_str     0x000000000000024e       0x43 /home/prapor/AVR/avr-gcc-11.1.0-x64-linux/bin/../lib/gcc/avr/11.1.0/avr5/libgcc.a(_tablejump2.o)
 .debug_str     0x000000000000024e       0x43 /home/prapor/AVR/avr-gcc-11.1.0-x64-linux/bin/../lib/gcc/avr/11.1.0/avr5/libgcc.a(_copy_data.o)
 .debug_str     0x000000000000024e       0x43 /home/prapor/AVR/avr-gcc-11.1.0-x64-linux/bin/../lib/gcc/avr/11.1.0/avr5/libgcc.a(_clear_bss.o)
 .debug_str     0x000000000000024e       0x43 /home/prapor/AVR/avr-gcc-11.1.0-x64-linux/bin/../lib/gcc/avr/11.1.0/avr5/libgcc.a(_umulhisi3.o)
 .debug_str     0x000000000000024e       0x43 /home/prapor/AVR/avr-gcc-11.1.0-x64-linux/bin/../lib/gcc/avr/11.1.0/avr5/libgcc.a(_mulsi3.o)
 .debug_str     0x000000000000024e       0x43 /home/prapor/AVR/avr-gcc-11.1.0-x64-linux/bin/../lib/gcc/avr/11.1.0/avr5/libgcc.a(_muluhisi3.o)
 .debug_str     0x000000000000024e       0x43 /home/prapor/AVR/avr-gcc-11.1.0-x64-linux/bin/../lib/gcc/avr/11.1.0/avr5/libgcc.a(_prologue.o)
 .debug_str     0x000000000000024e       0x43 /home/prapor/AVR/avr-gcc-11.1.0-x64-linux/bin/../lib/gcc/avr/11.1.0/avr5/libgcc.a(_epilogue.o)

.debug_loc
 *(.debug_loc)

.debug_macinfo
 *(.debug_macinfo)

.debug_weaknames
 *(.debug_weaknames)

.debug_funcnames
 *(.debug_funcnames)

.debug_typenames
 *(.debug_typenames)

.debug_varnames
 *(.debug_varnames)

.debug_pubtypes
 *(.debug_pubtypes)

.debug_ranges
 *(.debug_ranges)

.debug_addr
 *(.debug_addr)

.debug_line_str
                0x0000000000000000       0x2a
 *(.debug_line_str)
 .debug_line_str
                0x0000000000000000       0x2a /home/prapor/AVR/avr-gcc-11.1.0-x64-linux/bin/../lib/gcc/avr/11.1.0/avr5/libgcc.a(_udivmodhi4.o)
                                         0x54 (size before relaxing)
 .debug_line_str
                0x000000000000002a       0x54 /home/prapor/AVR/avr-gcc-11.1.0-x64-linux/bin/../lib/gcc/avr/11.1.0/avr5/libgcc.a(_udivmodsi4.o)
 .debug_line_str
                0x000000000000002a       0x54 /home/prapor/AVR/avr-gcc-11.1.0-x64-linux/bin/../lib/gcc/avr/11.1.0/avr5/libgcc.a(_exit.o)
 .debug_line_str
                0x000000000000002a       0x54 /home/prapor/AVR/avr-gcc-11.1.0-x64-linux/bin/../lib/gcc/avr/11.1.0/avr5/libgcc.a(_tablejump2.o)
 .debug_line_str
                0x000000000000002a       0x54 /home/prapor/AVR/avr-gcc-11.1.0-x64-linux/bin/../lib/gcc/avr/11.1.0/avr5/libgcc.a(_copy_data.o)
 .debug_line_str
                0x000000000000002a       0x54 /home/prapor/AVR/avr-gcc-11.1.0-x64-linux/bin/../lib/gcc/avr/11.1.0/avr5/libgcc.a(_clear_bss.o)
 .debug_line_str
                0x000000000000002a       0x54 /home/prapor/AVR/avr-gcc-11.1.0-x64-linux/bin/../lib/gcc/avr/11.1.0/avr5/libgcc.a(_umulhisi3.o)
 .debug_line_str
                0x000000000000002a       0x54 /home/prapor/AVR/avr-gcc-11.1.0-x64-linux/bin/../lib/gcc/avr/11.1.0/avr5/libgcc.a(_mulsi3.o)
 .debug_line_str
                0x000000000000002a       0x54 /home/prapor/AVR/avr-gcc-11.1.0-x64-linux/bin/../lib/gcc/avr/11.1.0/avr5/libgcc.a(_muluhisi3.o)
 .debug_line_str
                0x000000000000002a       0x54 /home/prapor/AVR/avr-gcc-11.1.0-x64-linux/bin/../lib/gcc/avr/11.1.0/avr5/libgcc.a(_prologue.o)
 .debug_line_str
                0x000000000000002a       0x54 /home/prapor/AVR/avr-gcc-11.1.0-x64-linux/bin/../lib/gcc/avr/11.1.0/avr5/libgcc.a(_epilogue.o)

.debug_loclists
 *(.debug_loclists)

.debug_macro
 *(.debug_macro)

.debug_names
 *(.debug_names)

.debug_rnglists
 *(.debug_rnglists)

.debug_str_offsets
 *(.debug_str_offsets)

.debug_sup
 *(.debug_sup)
OUTPUT(bin/Release/home.elf elf32-avr)
LOAD linker stubs

Cross Reference Table

Symbol                                            File
ADC_INIT                                          obj/Release/ADC.o
                                                  obj/Release/main.o
ADC_SINGLE_INIT                                   obj/Release/ADC.o
Crc8                                              obj/Release/su_openwrt.o
Crc8Table                                         obj/Release/su_openwrt.o
EEPROM_update                                     obj/Release/eeprom.o
                                                  obj/Release/su_openwrt.o
                                                  obj/Release/sms_parse.o
                                                  obj/Release/port.o
                                                  obj/Release/main.o
                                                  obj/Release/GSM.o
                                                  obj/Release/app.o
__FUSE_REGION_LENGTH__                            /home/prapor/AVR/avr-gcc-11.1.0-x64-linux/bin/../lib/gcc/avr/11.1.0/../../../../avr/lib/avr5/crtatmega328p.o
__bad_interrupt                                   /home/prapor/AVR/avr-gcc-11.1.0-x64-linux/bin/../lib/gcc/avr/11.1.0/../../../../avr/lib/avr5/crtatmega328p.o
__brkval                                          /home/prapor/AVR/avr-gcc-11.1.0-x64-linux/bin/../lib/gcc/avr/11.1.0/../../../../avr/lib/avr5/libc.a(malloc.o)
                                                  obj/Release/app.o
__bss_end                                         /home/prapor/AVR/avr-gcc-11.1.0-x64-linux/bin/../lib/gcc/avr/11.1.0/avr5/libgcc.a(_clear_bss.o)
__bss_start                                       /home/prapor/AVR/avr-gcc-11.1.0-x64-linux/bin/../lib/gcc/avr/11.1.0/avr5/libgcc.a(_clear_bss.o)
__ctype_isfalse                                   /home/prapor/AVR/avr-gcc-11.1.0-x64-linux/bin/../lib/gcc/avr/11.1.0/../../../../avr/lib/avr5/libc.a(cty_isfalse.o)
                                                  /home/prapor/AVR/avr-gcc-11.1.0-x64-linux/bin/../lib/gcc/avr/11.1.0/../../../../avr/lib/avr5/libc.a(isspace.o)
__ctype_istrue                                    /home/prapor/AVR/avr-gcc-11.1.0-x64-linux/bin/../lib/gcc/avr/11.1.0/../../../../avr/lib/avr5/libc.a(cty_isfalse.o)
__data_end                                        /home/prapor/AVR/avr-gcc-11.1.0-x64-linux/bin/../lib/gcc/avr/11.1.0/avr5/libgcc.a(_copy_data.o)
__data_load_start                                 /home/prapor/AVR/avr-gcc-11.1.0-x64-linux/bin/../lib/gcc/avr/11.1.0/avr5/libgcc.a(_copy_data.o)
__data_start                                      /home/prapor/AVR/avr-gcc-11.1.0-x64-linux/bin/../lib/gcc/avr/11.1.0/avr5/libgcc.a(_copy_data.o)
__do_clear_bss                                    /home/prapor/AVR/avr-gcc-11.1.0-x64-linux/bin/../lib/gcc/avr/11.1.0/avr5/libgcc.a(_clear_bss.o)
                                                  /home/prapor/AVR/avr-gcc-11.1.0-x64-linux/bin/../lib/gcc/avr/11.1.0/../../../../avr/lib/avr5/libc.a(errno.o)
                                                  /home/prapor/AVR/avr-gcc-11.1.0-x64-linux/bin/../lib/gcc/avr/11.1.0/../../../../avr/lib/avr5/libc.a(strtok.o)
                                                  /home/prapor/AVR/avr-gcc-11.1.0-x64-linux/bin/../lib/gcc/avr/11.1.0/../../../../avr/lib/avr5/libc.a(malloc.o)
                                                  obj/Release/UART.o
                                                  obj/Release/timer.o
                                                  obj/Release/su_openwrt.o
                                                  obj/Release/softuart.o
                                                  obj/Release/port.o
                                                  obj/Release/GSM.o
                                                  obj/Release/eeprom.o
                                                  obj/Release/ds18b20.o
                                                  obj/Release/app.o
                                                  obj/Release/ADC.o
__do_copy_data                                    /home/prapor/AVR/avr-gcc-11.1.0-x64-linux/bin/../lib/gcc/avr/11.1.0/avr5/libgcc.a(_copy_data.o)
                                                  /home/prapor/AVR/avr-gcc-11.1.0-x64-linux/bin/../lib/gcc/avr/11.1.0/../../../../avr/lib/avr5/libc.a(malloc.o)
                                                  obj/Release/timer.o
                                                  obj/Release/su_openwrt.o
                                                  obj/Release/softuart.o
                                                  obj/Release/sms_parse.o
                                                  obj/Release/GSM.o
                                                  obj/Release/app.o
                                                  obj/Release/ADC.o
__epilogue_restores__                             /home/prapor/AVR/avr-gcc-11.1.0-x64-linux/bin/../lib/gcc/avr/11.1.0/avr5/libgcc.a(_epilogue.o)
                                                  /home/prapor/AVR/avr-gcc-11.1.0-x64-linux/bin/../lib/gcc/avr/11.1.0/../../../../avr/lib/avr5/libc.a(vfprintf_std.o)
                                                  /home/prapor/AVR/avr-gcc-11.1.0-x64-linux/bin/../lib/gcc/avr/11.1.0/../../../../avr/lib/avr5/libc.a(sprintf_p.o)
                                                  /home/prapor/AVR/avr-gcc-11.1.0-x64-linux/bin/../lib/gcc/avr/11.1.0/../../../../avr/lib/avr5/libc.a(strtoul.o)
__fixsfsi                                         /home/prapor/AVR/avr-gcc-11.1.0-x64-linux/bin/../lib/gcc/avr/11.1.0/../../../../avr/lib/avr5/libm.a(fixsfsi.o)
                                                  obj/Release/ds18b20.o
__fixunssfsi                                      /home/prapor/AVR/avr-gcc-11.1.0-x64-linux/bin/../lib/gcc/avr/11.1.0/../../../../avr/lib/avr5/libm.a(fixunssfsi.o)
                                                  /home/prapor/AVR/avr-gcc-11.1.0-x64-linux/bin/../lib/gcc/avr/11.1.0/../../../../avr/lib/avr5/libm.a(fixsfsi.o)
__floatsisf                                       /home/prapor/AVR/avr-gcc-11.1.0-x64-linux/bin/../lib/gcc/avr/11.1.0/../../../../avr/lib/avr5/libm.a(floatsisf.o)
                                                  obj/Release/ds18b20.o
__floatunsisf                                     /home/prapor/AVR/avr-gcc-11.1.0-x64-linux/bin/../lib/gcc/avr/11.1.0/../../../../avr/lib/avr5/libm.a(floatsisf.o)
__flp                                             /home/prapor/AVR/avr-gcc-11.1.0-x64-linux/bin/../lib/gcc/avr/11.1.0/../../../../avr/lib/avr5/libc.a(malloc.o)
__fp_inf                                          /home/prapor/AVR/avr-gcc-11.1.0-x64-linux/bin/../lib/gcc/avr/11.1.0/../../../../avr/lib/avr5/libm.a(fp_inf.o)
                                                  /home/prapor/AVR/avr-gcc-11.1.0-x64-linux/bin/../lib/gcc/avr/11.1.0/../../../../avr/lib/avr5/libm.a(mulsf3x.o)
__fp_nan                                          /home/prapor/AVR/avr-gcc-11.1.0-x64-linux/bin/../lib/gcc/avr/11.1.0/../../../../avr/lib/avr5/libm.a(fp_nan.o)
                                                  /home/prapor/AVR/avr-gcc-11.1.0-x64-linux/bin/../lib/gcc/avr/11.1.0/../../../../avr/lib/avr5/libm.a(mulsf3x.o)